2026-10-02T01:34:25.8709467Z Current runner version: '2.337.0'
2026-10-02T01:34:25.8735146Z ##[group]Runner Image Provisioner
2026-10-02T01:34:25.8736103Z Hosted Compute Agent
2026-10-02T01:34:25.8737065Z Version: 20260901.588
2026-10-02T01:34:25.8737809Z Commit: f88ec8081b781fac6c440065ac7ff9e710ce3d0b
2026-10-02T01:34:25.8738626Z Build Date: 2026-09-01T19:56:44Z
2026-10-02T01:34:25.8739331Z Worker ID: {b7c34a24-7247-42d0-9d74-9c589f230750}
2026-10-02T01:34:25.8740124Z Azure Region: northcentralus
2026-10-02T01:34:25.8740768Z ##[endgroup]
2026-10-02T01:34:25.8742385Z ##[group]Operating System
2026-10-02T01:34:25.8743133Z Ubuntu
2026-10-02T01:34:25.8743715Z 24.04.5
2026-10-02T01:34:25.8744275Z LTS
2026-10-02T01:34:25.8744838Z ##[endgroup]
2026-10-02T01:34:25.8745444Z ##[group]Runner Image
2026-10-02T01:34:25.8746166Z Image: ubuntu-24.04
2026-10-02T01:34:25.8746750Z Version: 20260927.320.1
2026-10-02T01:34:25.8748115Z Included Software: https://github.com/actions/runner-images/blob/ubuntu24/20260927.320/images/ubuntu/Ubuntu2404-Readme.md
2026-10-02T01:34:25.8749707Z Image Release: https://github.com/actions/runner-images/releases/tag/ubuntu24%2F20260927.320
2026-10-02T01:34:25.8750806Z ##[endgroup]
2026-10-02T01:34:25.8752139Z ##[group]GITHUB_TOKEN Permissions
2026-10-02T01:34:25.8754184Z Contents: read
2026-10-02T01:34:25.8754803Z Metadata: read
2026-10-02T01:34:25.8755458Z Packages: read
2026-10-02T01:34:25.8756092Z ##[endgroup]
2026-10-02T01:34:25.8758169Z Secret source: Actions
2026-10-02T01:34:25.8759236Z Cache mode: write
2026-10-02T01:34:25.8759954Z Prepare workflow directory
2026-10-02T01:34:25.9108513Z Prepare all required actions
2026-10-02T01:34:25.9158210Z Getting action download info
2026-10-02T01:34:26.1591544Z Download action repository 'actions/checkout@v4' (SHA:11d5960a326750d5838078e36cf38b85af677262)
2026-10-02T01:34:26.2734196Z Download action repository 'actions/setup-python@v5' (SHA:a26af69be951a213d495a4c3e4e4022e16d87065)
2026-10-02T01:34:26.3541160Z Download action repository 'actions/upload-artifact@v4' (SHA:ea165f8d65b6e75b540449e92b4886f43607fa02)
2026-10-02T01:34:26.5695518Z Complete job name: offline
2026-10-02T01:34:26.6447652Z ##[group]Run actions/checkout@v4
2026-10-02T01:34:26.6448557Z with:
2026-10-02T01:34:26.6448993Z   repository: trimcrae/Seti
2026-10-02T01:34:26.6453139Z   token: ***
2026-10-02T01:34:26.6453579Z   ssh-strict: true
2026-10-02T01:34:26.6454032Z   ssh-user: git
2026-10-02T01:34:26.6454481Z   persist-credentials: true
2026-10-02T01:34:26.6454969Z   clean: true
2026-10-02T01:34:26.6455415Z   sparse-checkout-cone-mode: true
2026-10-02T01:34:26.6455924Z   fetch-depth: 1
2026-10-02T01:34:26.6456348Z   fetch-tags: false
2026-10-02T01:34:26.6456789Z   show-progress: true
2026-10-02T01:34:26.6457233Z   lfs: false
2026-10-02T01:34:26.6457639Z   submodules: false
2026-10-02T01:34:26.6458078Z   set-safe-directory: true
2026-10-02T01:34:26.6458582Z   allow-unsafe-pr-checkout: false
2026-10-02T01:34:26.6459274Z ##[endgroup]
2026-10-02T01:34:26.7477448Z Syncing repository: trimcrae/Seti
2026-10-02T01:34:26.7480046Z ##[group]Getting Git version info
2026-10-02T01:34:26.7481133Z Working directory is '/home/runner/work/Seti/Seti'
2026-10-02T01:34:26.7483150Z [command]/usr/bin/git version
2026-10-02T01:34:26.7556075Z git version 2.55.0
2026-10-02T01:34:26.7576151Z ##[endgroup]
2026-10-02T01:34:26.7593827Z Temporarily overriding HOME='/home/runner/work/_temp/f247cded-9145-4594-b1cd-e1f67c63af33' before making global git config changes
2026-10-02T01:34:26.7596696Z Adding repository directory to the temporary git global config as a safe directory
2026-10-02T01:34:26.7598808Z [command]/usr/bin/git config --global --add safe.directory /home/runner/work/Seti/Seti
2026-10-02T01:34:26.7654408Z Deleting the contents of '/home/runner/work/Seti/Seti'
2026-10-02T01:34:26.7660581Z ##[group]Initializing the repository
2026-10-02T01:34:26.7666434Z [command]/usr/bin/git init /home/runner/work/Seti/Seti
2026-10-02T01:34:26.7771272Z hint: Using 'master' as the name for the initial branch. This default branch name
2026-10-02T01:34:26.7773454Z hint: will change to "main" in Git 3.0. To configure the initial branch name
2026-10-02T01:34:26.7774972Z hint: to use in all of your new repositories, which will suppress this warning,
2026-10-02T01:34:26.7776184Z hint: call:
2026-10-02T01:34:26.7777181Z hint:
2026-10-02T01:34:26.7778063Z hint: 	git config --global init.defaultBranch <name>
2026-10-02T01:34:26.7779110Z hint:
2026-10-02T01:34:26.7780078Z hint: Names commonly chosen instead of 'master' are 'main', 'trunk' and
2026-10-02T01:34:26.7781622Z hint: 'development'. The just-created branch can be renamed via this command:
2026-10-02T01:34:26.7783132Z hint:
2026-10-02T01:34:26.7783845Z hint: 	git branch -m <name>
2026-10-02T01:34:26.7784690Z hint:
2026-10-02T01:34:26.7785699Z hint: Disable this message with "git config set advice.defaultBranchName false"
2026-10-02T01:34:26.7787316Z Initialized empty Git repository in /home/runner/work/Seti/Seti/.git/
2026-10-02T01:34:26.7789613Z [command]/usr/bin/git remote add origin https://github.com/trimcrae/Seti
2026-10-02T01:34:26.7843874Z ##[endgroup]
2026-10-02T01:34:26.7845108Z ##[group]Disabling automatic garbage collection
2026-10-02T01:34:26.7847846Z [command]/usr/bin/git config --local gc.auto 0
2026-10-02T01:34:26.7882298Z ##[endgroup]
2026-10-02T01:34:26.7883648Z ##[group]Setting up auth
2026-10-02T01:34:26.7890988Z [command]/usr/bin/git config --local --name-only --get-regexp core\.sshCommand
2026-10-02T01:34:26.7925312Z [command]/usr/bin/git submodule foreach --recursive sh -c "git config --local --name-only --get-regexp 'core\.sshCommand' && git config --local --unset-all 'core.sshCommand' || :"
2026-10-02T01:34:26.8314458Z [command]/usr/bin/git config --local --name-only --get-regexp http\.https\:\/\/github\.com\/\.extraheader
2026-10-02T01:34:26.8345849Z [command]/usr/bin/git submodule foreach --recursive sh -c "git config --local --name-only --get-regexp 'http\.https\:\/\/github\.com\/\.extraheader' && git config --local --unset-all 'http.https://github.com/.extraheader' || :"
2026-10-02T01:34:26.8620830Z [command]/usr/bin/git config --local --name-only --get-regexp ^includeIf\.gitdir:
2026-10-02T01:34:26.8658814Z [command]/usr/bin/git submodule foreach --recursive git config --local --show-origin --name-only --get-regexp remote.origin.url
2026-10-02T01:34:26.8904114Z [command]/usr/bin/git config --local http.https://github.com/.extraheader AUTHORIZATION: basic ***
2026-10-02T01:34:26.8948540Z ##[endgroup]
2026-10-02T01:34:26.8949827Z ##[group]Fetching the repository
2026-10-02T01:34:26.8958948Z [command]/usr/bin/git -c protocol.version=2 fetch --no-tags --prune --no-recurse-submodules --depth=1 origin +6db2a1fcc5e573e398c9042c64e8609f92d11319:refs/remotes/pull/25/merge
2026-10-02T01:34:46.5757123Z From https://github.com/trimcrae/Seti
2026-10-02T01:34:46.5759217Z  * [new ref]         6db2a1fcc5e573e398c9042c64e8609f92d11319 -> pull/25/merge
2026-10-02T01:34:46.5764351Z ##[endgroup]
2026-10-02T01:34:46.5766616Z ##[group]Determining the checkout info
2026-10-02T01:34:46.5768888Z ##[endgroup]
2026-10-02T01:34:46.5772843Z [command]/usr/bin/git sparse-checkout disable
2026-10-02T01:34:46.5829962Z [command]/usr/bin/git config --local --unset-all extensions.worktreeConfig
2026-10-02T01:34:46.5868345Z ##[group]Checking out the ref
2026-10-02T01:34:46.5871423Z [command]/usr/bin/git checkout --progress --force refs/remotes/pull/25/merge
2026-10-02T01:34:48.0488267Z Updating files:  11% (905/7670)
2026-10-02T01:34:48.0702690Z Updating files:  12% (921/7670)
2026-10-02T01:34:48.0747818Z Updating files:  13% (998/7670)
2026-10-02T01:34:48.1441416Z Updating files:  14% (1074/7670)
2026-10-02T01:34:48.1754834Z Updating files:  15% (1151/7670)
2026-10-02T01:34:48.2922907Z Updating files:  16% (1228/7670)
2026-10-02T01:34:48.3153909Z Updating files:  17% (1304/7670)
2026-10-02T01:34:48.3273461Z Updating files:  18% (1381/7670)
2026-10-02T01:34:48.3639744Z Updating files:  19% (1458/7670)
2026-10-02T01:34:48.4153378Z Updating files:  20% (1534/7670)
2026-10-02T01:34:48.4612280Z Updating files:  21% (1611/7670)
2026-10-02T01:34:48.5004459Z Updating files:  22% (1688/7670)
2026-10-02T01:34:48.5435203Z Updating files:  23% (1765/7670)
2026-10-02T01:34:48.5840247Z Updating files:  24% (1841/7670)
2026-10-02T01:34:48.6003519Z Updating files:  25% (1918/7670)
2026-10-02T01:34:48.6296881Z Updating files:  25% (1940/7670)
2026-10-02T01:34:48.6344700Z Updating files:  26% (1995/7670)
2026-10-02T01:34:48.6451545Z Updating files:  27% (2071/7670)
2026-10-02T01:34:48.6631035Z Updating files:  28% (2148/7670)
2026-10-02T01:34:48.8740364Z Updating files:  29% (2225/7670)
2026-10-02T01:34:48.9239147Z Updating files:  30% (2301/7670)
2026-10-02T01:34:48.9589974Z Updating files:  31% (2378/7670)
2026-10-02T01:34:49.0041572Z Updating files:  32% (2455/7670)
2026-10-02T01:34:49.0253624Z Updating files:  33% (2532/7670)
2026-10-02T01:34:49.0368158Z Updating files:  34% (2608/7670)
2026-10-02T01:34:49.0448868Z Updating files:  35% (2685/7670)
2026-10-02T01:34:49.0517048Z Updating files:  36% (2762/7670)
2026-10-02T01:34:49.0839712Z Updating files:  37% (2838/7670)
2026-10-02T01:34:49.0925647Z Updating files:  38% (2915/7670)
2026-10-02T01:34:49.1070949Z Updating files:  39% (2992/7670)
2026-10-02T01:34:49.1143028Z Updating files:  40% (3068/7670)
2026-10-02T01:34:49.1222744Z Updating files:  41% (3145/7670)
2026-10-02T01:34:49.1299351Z Updating files:  42% (3222/7670)
2026-10-02T01:34:49.1398392Z Updating files:  43% (3299/7670)
2026-10-02T01:34:49.1440108Z Updating files:  44% (3375/7670)
2026-10-02T01:34:49.1616329Z Updating files:  45% (3452/7670)
2026-10-02T01:34:49.1859143Z Updating files:  46% (3529/7670)
2026-10-02T01:34:49.2552499Z Updating files:  47% (3605/7670)
2026-10-02T01:34:49.2925970Z Updating files:  48% (3682/7670)
2026-10-02T01:34:49.3168400Z Updating files:  49% (3759/7670)
2026-10-02T01:34:49.3595100Z Updating files:  50% (3835/7670)
2026-10-02T01:34:49.3762994Z Updating files:  51% (3912/7670)
2026-10-02T01:34:49.4049088Z Updating files:  52% (3989/7670)
2026-10-02T01:34:49.4117640Z Updating files:  53% (4066/7670)
2026-10-02T01:34:49.4410517Z Updating files:  54% (4142/7670)
2026-10-02T01:34:49.4507453Z Updating files:  55% (4219/7670)
2026-10-02T01:34:49.6027606Z Updating files:  56% (4296/7670)
2026-10-02T01:34:49.6330999Z Updating files:  56% (4334/7670)
2026-10-02T01:34:49.7756556Z Updating files:  57% (4372/7670)
2026-10-02T01:34:49.7838258Z Updating files:  58% (4449/7670)
2026-10-02T01:34:49.7988181Z Updating files:  59% (4526/7670)
2026-10-02T01:34:49.8114158Z Updating files:  60% (4602/7670)
2026-10-02T01:34:49.8274507Z Updating files:  61% (4679/7670)
2026-10-02T01:34:49.8500972Z Updating files:  62% (4756/7670)
2026-10-02T01:34:49.8669274Z Updating files:  63% (4833/7670)
2026-10-02T01:34:49.8717595Z Updating files:  64% (4909/7670)
2026-10-02T01:34:49.8807869Z Updating files:  65% (4986/7670)
2026-10-02T01:34:49.8919629Z Updating files:  66% (5063/7670)
2026-10-02T01:34:49.9169271Z Updating files:  67% (5139/7670)
2026-10-02T01:34:49.9393138Z Updating files:  68% (5216/7670)
2026-10-02T01:34:50.0280128Z Updating files:  69% (5293/7670)
2026-10-02T01:34:50.1460615Z Updating files:  70% (5369/7670)
2026-10-02T01:34:50.2098902Z Updating files:  71% (5446/7670)
2026-10-02T01:34:50.2694361Z Updating files:  72% (5523/7670)
2026-10-02T01:34:50.2776014Z Updating files:  73% (5600/7670)
2026-10-02T01:34:50.2956681Z Updating files:  74% (5676/7670)
2026-10-02T01:34:50.3185142Z Updating files:  75% (5753/7670)
2026-10-02T01:34:50.3452256Z Updating files:  76% (5830/7670)
2026-10-02T01:34:50.3859906Z Updating files:  77% (5906/7670)
2026-10-02T01:34:50.3915265Z Updating files:  78% (5983/7670)
2026-10-02T01:34:50.3968852Z Updating files:  79% (6060/7670)
2026-10-02T01:34:50.4321602Z Updating files:  80% (6136/7670)
2026-10-02T01:34:50.4795372Z Updating files:  81% (6213/7670)
2026-10-02T01:34:50.5340598Z Updating files:  82% (6290/7670)
2026-10-02T01:34:50.5810185Z Updating files:  83% (6367/7670)
2026-10-02T01:34:50.5974705Z Updating files:  84% (6443/7670)
2026-10-02T01:34:50.6027733Z Updating files:  84% (6504/7670)
2026-10-02T01:34:50.6175475Z Updating files:  85% (6520/7670)
2026-10-02T01:34:50.6246987Z Updating files:  86% (6597/7670)
2026-10-02T01:34:50.6416948Z Updating files:  87% (6673/7670)
2026-10-02T01:34:50.6663242Z Updating files:  88% (6750/7670)
2026-10-02T01:34:50.7060643Z Updating files:  89% (6827/7670)
2026-10-02T01:34:50.7436926Z Updating files:  90% (6903/7670)
2026-10-02T01:34:50.7536456Z Updating files:  91% (6980/7670)
2026-10-02T01:34:50.7640187Z Updating files:  92% (7057/7670)
2026-10-02T01:34:50.7715782Z Updating files:  93% (7134/7670)
2026-10-02T01:34:50.7817364Z Updating files:  94% (7210/7670)
2026-10-02T01:34:50.7919070Z Updating files:  95% (7287/7670)
2026-10-02T01:34:50.8020363Z Updating files:  96% (7364/7670)
2026-10-02T01:34:50.8146648Z Updating files:  97% (7440/7670)
2026-10-02T01:34:50.8255130Z Updating files:  98% (7517/7670)
2026-10-02T01:34:50.8375638Z Updating files:  99% (7594/7670)
2026-10-02T01:34:50.8376005Z Updating files: 100% (7670/7670)
2026-10-02T01:34:50.8376290Z Updating files: 100% (7670/7670), done.
2026-10-02T01:34:50.8449481Z Note: switching to 'refs/remotes/pull/25/merge'.
2026-10-02T01:34:50.8449791Z 
2026-10-02T01:34:50.8450078Z You are in 'detached HEAD' state. You can look around, make experimental
2026-10-02T01:34:50.8450731Z changes and commit them, and you can discard any commits you make in this
2026-10-02T01:34:50.8451404Z state without impacting any branches by switching back to a branch.
2026-10-02T01:34:50.8452057Z 
2026-10-02T01:34:50.8452332Z If you want to create a new branch to retain commits you create, you may
2026-10-02T01:34:50.8452979Z do so (now or later) by using -c with the switch command. Example:
2026-10-02T01:34:50.8453350Z 
2026-10-02T01:34:50.8453498Z   git switch -c <new-branch-name>
2026-10-02T01:34:50.8453781Z 
2026-10-02T01:34:50.8453938Z Or undo this operation with:
2026-10-02T01:34:50.8454174Z 
2026-10-02T01:34:50.8454311Z   git switch -
2026-10-02T01:34:50.8454490Z 
2026-10-02T01:34:50.8454805Z Turn off this advice by setting config variable advice.detachedHead to false
2026-10-02T01:34:50.8455247Z 
2026-10-02T01:34:50.8456237Z HEAD is now at 6db2a1f Merge d1f5780de8f3ae541aba0c17b9733890b64e7705 into ace1e6d631d4c49cfacf10d4e9cf126b446b138d
2026-10-02T01:34:50.8563275Z ##[endgroup]
2026-10-02T01:34:50.8618607Z [command]/usr/bin/git log -1 --format=%H
2026-10-02T01:34:50.8649496Z 6db2a1fcc5e573e398c9042c64e8609f92d11319
2026-10-02T01:34:50.8925848Z ##[group]Run actions/setup-python@v5
2026-10-02T01:34:50.8926136Z with:
2026-10-02T01:34:50.8926354Z   python-version: 3.11
2026-10-02T01:34:50.8926599Z   check-latest: false
2026-10-02T01:34:50.8929240Z   token: ***
2026-10-02T01:34:50.8929467Z   update-environment: true
2026-10-02T01:34:50.8929724Z   allow-prereleases: false
2026-10-02T01:34:50.8929959Z   freethreaded: false
2026-10-02T01:34:50.8930186Z ##[endgroup]
2026-10-02T01:34:51.0243247Z ##[group]Installed versions
2026-10-02T01:34:51.0335252Z (node:2304) [DEP0040] DeprecationWarning: The `punycode` module is deprecated. Please use a userland alternative instead.
2026-10-02T01:34:51.0336137Z (Use `node --trace-deprecation ...` to show where the warning was created)
2026-10-02T01:34:51.0336738Z Successfully set up CPython (3.11.16)
2026-10-02T01:34:51.0337525Z ##[endgroup]
2026-10-02T01:34:51.0535991Z ##[group]Run python -m pip install --upgrade pip
2026-10-02T01:34:51.0536489Z [36;1mpython -m pip install --upgrade pip[0m
2026-10-02T01:34:51.0536817Z [36;1mpip install -e ".[dev]"[0m
2026-10-02T01:34:51.0837408Z shell: /usr/bin/bash -e {0}
2026-10-02T01:34:51.0837715Z env:
2026-10-02T01:34:51.0838019Z   pythonLocation: /opt/hostedtoolcache/Python/3.11.16/x64
2026-10-02T01:34:51.0838511Z   PKG_CONFIG_PATH: /opt/hostedtoolcache/Python/3.11.16/x64/lib/pkgconfig
2026-10-02T01:34:51.0838942Z   Python_ROOT_DIR: /opt/hostedtoolcache/Python/3.11.16/x64
2026-10-02T01:34:51.0839336Z   Python2_ROOT_DIR: /opt/hostedtoolcache/Python/3.11.16/x64
2026-10-02T01:34:51.0839721Z   Python3_ROOT_DIR: /opt/hostedtoolcache/Python/3.11.16/x64
2026-10-02T01:34:51.0840356Z   LD_LIBRARY_PATH: /opt/hostedtoolcache/Python/3.11.16/x64/lib
2026-10-02T01:34:51.0840685Z ##[endgroup]
2026-10-02T01:34:51.7218494Z Requirement already satisfied: pip in /opt/hostedtoolcache/Python/3.11.16/x64/lib/python3.11/site-packages (26.2.1)
2026-10-02T01:34:52.1795121Z Obtaining file:///home/runner/work/Seti/Seti
2026-10-02T01:34:52.1812180Z   Installing build dependencies: started
2026-10-02T01:34:52.9078124Z   Installing build dependencies: finished with status 'done'
2026-10-02T01:34:52.9084036Z   Checking if build backend supports build_editable: started
2026-10-02T01:34:53.5432174Z   Checking if build backend supports build_editable: finished with status 'done'
2026-10-02T01:34:53.5439754Z   Getting requirements to build editable: started
2026-10-02T01:34:53.8921768Z   Getting requirements to build editable: finished with status 'done'
2026-10-02T01:34:53.8930951Z   Preparing editable metadata (pyproject.toml): started
2026-10-02T01:34:54.0819589Z   Preparing editable metadata (pyproject.toml): finished with status 'done'
2026-10-02T01:34:54.3227297Z Collecting numpy>=1.24 (from seti-wd==0.1.0)
2026-10-02T01:34:54.3704988Z   Downloading numpy-2.4.6-cp311-cp311-manylinux_2_27_x86_64.manylinux_2_28_x86_64.whl.metadata (6.6 kB)
2026-10-02T01:34:54.4710530Z Collecting scipy>=1.10 (from seti-wd==0.1.0)
2026-10-02T01:34:54.4749141Z   Downloading scipy-1.17.1-cp311-cp311-manylinux_2_27_x86_64.manylinux_2_28_x86_64.whl.metadata (62 kB)
2026-10-02T01:34:54.5936161Z Collecting pandas>=2.0 (from seti-wd==0.1.0)
2026-10-02T01:34:54.5975157Z   Downloading pandas-3.0.6-cp311-cp311-manylinux_2_24_x86_64.manylinux_2_28_x86_64.whl.metadata (79 kB)
2026-10-02T01:34:54.7023026Z Collecting pyarrow>=12.0 (from seti-wd==0.1.0)
2026-10-02T01:34:54.7059996Z   Downloading pyarrow-25.0.1-cp311-cp311-manylinux_2_28_x86_64.whl.metadata (3.0 kB)
2026-10-02T01:34:54.8157218Z Collecting matplotlib>=3.7 (from seti-wd==0.1.0)
2026-10-02T01:34:54.8196344Z   Downloading matplotlib-3.11.2-cp311-cp311-manylinux2014_x86_64.manylinux_2_17_x86_64.whl.metadata (80 kB)
2026-10-02T01:34:54.9283663Z Collecting astropy>=5.3 (from seti-wd==0.1.0)
2026-10-02T01:34:54.9344152Z   Downloading astropy-8.0.1-cp311-abi3-manylinux2014_x86_64.manylinux_2_17_x86_64.manylinux_2_28_x86_64.whl.metadata (11 kB)
2026-10-02T01:34:54.9575307Z Collecting astroquery>=0.4.7 (from seti-wd==0.1.0)
2026-10-02T01:34:54.9637283Z   Downloading astroquery-0.4.11-py3-none-any.whl.metadata (6.5 kB)
2026-10-02T01:34:54.9807250Z Collecting pyvo>=1.4 (from seti-wd==0.1.0)
2026-10-02T01:34:54.9850256Z   Downloading pyvo-1.9.1-py3-none-any.whl.metadata (4.2 kB)
2026-10-02T01:34:55.0148280Z Collecting pyyaml>=6.0 (from seti-wd==0.1.0)
2026-10-02T01:34:55.0185018Z   Downloading pyyaml-6.0.3-cp311-cp311-manylinux2014_x86_64.manylinux_2_17_x86_64.manylinux_2_28_x86_64.whl.metadata (2.4 kB)
2026-10-02T01:34:55.0361313Z Collecting requests>=2.28 (from seti-wd==0.1.0)
2026-10-02T01:34:55.0394453Z   Downloading requests-2.34.2-py3-none-any.whl.metadata (4.8 kB)
2026-10-02T01:34:55.0632700Z Collecting pytest>=7.0 (from seti-wd==0.1.0)
2026-10-02T01:34:55.0668080Z   Downloading pytest-9.1.1-py3-none-any.whl.metadata (7.6 kB)
2026-10-02T01:34:55.0820699Z Collecting pytest-xdist>=3.0 (from seti-wd==0.1.0)
2026-10-02T01:34:55.0856767Z   Downloading pytest_xdist-3.8.0-py3-none-any.whl.metadata (3.0 kB)
2026-10-02T01:34:55.3762600Z Collecting ruff>=0.1 (from seti-wd==0.1.0)
2026-10-02T01:34:55.3799574Z   Downloading ruff-0.16.10-py3-none-manylinux_2_17_x86_64.manylinux2014_x86_64.whl.metadata (20 kB)
2026-10-02T01:34:55.4064938Z Collecting astropy-iers-data>=0.2026.6.22.1.23.34 (from astropy>=5.3->seti-wd==0.1.0)
2026-10-02T01:34:55.4117025Z   Downloading astropy_iers_data-0.2026.9.28.0.59.37-py3-none-any.whl.metadata (3.4 kB)
2026-10-02T01:34:55.4248115Z Collecting packaging>=25.0 (from astropy>=5.3->seti-wd==0.1.0)
2026-10-02T01:34:55.4262317Z   Using cached packaging-26.3-py3-none-any.whl.metadata (3.5 kB)
2026-10-02T01:34:55.4464254Z Collecting pyerfa>=2.0.1.3 (from astropy>=5.3->seti-wd==0.1.0)
2026-10-02T01:34:55.4499308Z   Downloading pyerfa-2.0.1.5-cp39-abi3-manylinux_2_17_x86_64.manylinux2014_x86_64.whl.metadata (5.7 kB)
2026-10-02T01:34:55.4691729Z Collecting beautifulsoup4>=4.8 (from astroquery>=0.4.7->seti-wd==0.1.0)
2026-10-02T01:34:55.4728123Z   Downloading beautifulsoup4-4.15.0-py3-none-any.whl.metadata (3.8 kB)
2026-10-02T01:34:55.4830344Z Collecting html5lib>=0.999 (from astroquery>=0.4.7->seti-wd==0.1.0)
2026-10-02T01:34:55.4863647Z   Downloading html5lib-1.1-py2.py3-none-any.whl.metadata (16 kB)
2026-10-02T01:34:55.5101381Z Collecting keyring>=15.0 (from astroquery>=0.4.7->seti-wd==0.1.0)
2026-10-02T01:34:55.5135812Z   Downloading keyring-25.7.0-py3-none-any.whl.metadata (21 kB)
2026-10-02T01:34:55.5305907Z Collecting soupsieve>=1.6.1 (from beautifulsoup4>=4.8->astroquery>=0.4.7->seti-wd==0.1.0)
2026-10-02T01:34:55.5341278Z   Downloading soupsieve-2.10-py3-none-any.whl.metadata (4.4 kB)
2026-10-02T01:34:55.5482826Z Collecting typing-extensions>=4.0.0 (from beautifulsoup4>=4.8->astroquery>=0.4.7->seti-wd==0.1.0)
2026-10-02T01:34:55.5517216Z   Downloading typing_extensions-4.16.0-py3-none-any.whl.metadata (3.3 kB)
2026-10-02T01:34:55.5630131Z Collecting six>=1.9 (from html5lib>=0.999->astroquery>=0.4.7->seti-wd==0.1.0)
2026-10-02T01:34:55.5663942Z   Downloading six-1.17.0-py2.py3-none-any.whl.metadata (1.7 kB)
2026-10-02T01:34:55.5751800Z Collecting webencodings (from html5lib>=0.999->astroquery>=0.4.7->seti-wd==0.1.0)
2026-10-02T01:34:55.5794627Z   Downloading webencodings-0.6.1-py3-none-any.whl.metadata (3.4 kB)
2026-10-02T01:34:55.5903705Z Collecting SecretStorage>=3.2 (from keyring>=15.0->astroquery>=0.4.7->seti-wd==0.1.0)
2026-10-02T01:34:55.5959238Z   Downloading secretstorage-3.5.0-py3-none-any.whl.metadata (4.0 kB)
2026-10-02T01:34:55.6060713Z Collecting jeepney>=0.4.2 (from keyring>=15.0->astroquery>=0.4.7->seti-wd==0.1.0)
2026-10-02T01:34:55.6094017Z   Downloading jeepney-0.9.0-py3-none-any.whl.metadata (1.2 kB)
2026-10-02T01:34:55.6298539Z Collecting importlib_metadata>=4.11.4 (from keyring>=15.0->astroquery>=0.4.7->seti-wd==0.1.0)
2026-10-02T01:34:55.6336309Z   Downloading importlib_metadata-9.0.1-py3-none-any.whl.metadata (4.5 kB)
2026-10-02T01:34:55.6452463Z Collecting jaraco.classes (from keyring>=15.0->astroquery>=0.4.7->seti-wd==0.1.0)
2026-10-02T01:34:55.6486219Z   Downloading jaraco.classes-3.4.0-py3-none-any.whl.metadata (2.6 kB)
2026-10-02T01:34:55.6626203Z Collecting jaraco.functools (from keyring>=15.0->astroquery>=0.4.7->seti-wd==0.1.0)
2026-10-02T01:34:55.6660031Z   Downloading jaraco_functools-4.6.0-py3-none-any.whl.metadata (2.9 kB)
2026-10-02T01:34:55.6773789Z Collecting jaraco.context (from keyring>=15.0->astroquery>=0.4.7->seti-wd==0.1.0)
2026-10-02T01:34:55.6806294Z   Downloading jaraco_context-6.1.2-py3-none-any.whl.metadata (4.2 kB)
2026-10-02T01:34:55.6948843Z Collecting zipp>=3.20 (from importlib_metadata>=4.11.4->keyring>=15.0->astroquery>=0.4.7->seti-wd==0.1.0)
2026-10-02T01:34:55.6983171Z   Downloading zipp-4.1.0-py3-none-any.whl.metadata (3.6 kB)
2026-10-02T01:34:55.7729141Z Collecting contourpy>=1.0.1 (from matplotlib>=3.7->seti-wd==0.1.0)
2026-10-02T01:34:55.7768614Z   Downloading contourpy-1.3.3-cp311-cp311-manylinux_2_27_x86_64.manylinux_2_28_x86_64.whl.metadata (5.5 kB)
2026-10-02T01:34:55.7874194Z Collecting cycler>=0.10 (from matplotlib>=3.7->seti-wd==0.1.0)
2026-10-02T01:34:55.7907143Z   Downloading cycler-0.12.1-py3-none-any.whl.metadata (3.8 kB)
2026-10-02T01:34:55.9145807Z Collecting fonttools>=4.28.2 (from matplotlib>=3.7->seti-wd==0.1.0)
2026-10-02T01:34:55.9185436Z   Downloading fonttools-4.66.1-cp311-cp311-manylinux2014_x86_64.manylinux_2_17_x86_64.whl.metadata (130 kB)
2026-10-02T01:34:55.9855459Z Collecting kiwisolver>=1.3.1 (from matplotlib>=3.7->seti-wd==0.1.0)
2026-10-02T01:34:55.9893211Z   Downloading kiwisolver-1.5.1-cp311-cp311-manylinux2014_x86_64.manylinux_2_17_x86_64.whl.metadata (5.2 kB)
2026-10-02T01:34:56.1324876Z Collecting pillow>=9 (from matplotlib>=3.7->seti-wd==0.1.0)
2026-10-02T01:34:56.1377072Z   Downloading pillow-12.3.0-cp311-cp311-manylinux_2_27_x86_64.manylinux_2_28_x86_64.whl.metadata (9.1 kB)
2026-10-02T01:34:56.1873609Z Collecting pyparsing>=3 (from matplotlib>=3.7->seti-wd==0.1.0)
2026-10-02T01:34:56.1909079Z   Downloading pyparsing-3.3.3-py3-none-any.whl.metadata (5.9 kB)
2026-10-02T01:34:56.2021728Z Collecting python-dateutil>=2.7 (from matplotlib>=3.7->seti-wd==0.1.0)
2026-10-02T01:34:56.2055890Z   Downloading python_dateutil-2.9.0.post0-py2.py3-none-any.whl.metadata (8.4 kB)
2026-10-02T01:34:56.2248110Z Collecting iniconfig>=1.0.1 (from pytest>=7.0->seti-wd==0.1.0)
2026-10-02T01:34:56.2287259Z   Downloading iniconfig-2.3.0-py3-none-any.whl.metadata (2.5 kB)
2026-10-02T01:34:56.2401739Z Collecting pluggy<2,>=1.5 (from pytest>=7.0->seti-wd==0.1.0)
2026-10-02T01:34:56.2437602Z   Downloading pluggy-1.6.0-py3-none-any.whl.metadata (4.8 kB)
2026-10-02T01:34:56.2586804Z Collecting pygments>=2.7.2 (from pytest>=7.0->seti-wd==0.1.0)
2026-10-02T01:34:56.2628432Z   Downloading pygments-2.21.0-py3-none-any.whl.metadata (2.5 kB)
2026-10-02T01:34:56.2747595Z Collecting execnet>=2.1 (from pytest-xdist>=3.0->seti-wd==0.1.0)
2026-10-02T01:34:56.2784975Z   Downloading execnet-2.1.2-py3-none-any.whl.metadata (2.9 kB)
2026-10-02T01:34:56.3866199Z Collecting charset_normalizer<4,>=2 (from requests>=2.28->seti-wd==0.1.0)
2026-10-02T01:34:56.3902912Z   Downloading charset_normalizer-3.5.2-cp311-cp311-manylinux2014_x86_64.manylinux_2_17_x86_64.manylinux_2_28_x86_64.whl.metadata (46 kB)
2026-10-02T01:34:56.4046355Z Collecting idna<4,>=2.5 (from requests>=2.28->seti-wd==0.1.0)
2026-10-02T01:34:56.4080696Z   Downloading idna-3.20-py3-none-any.whl.metadata (7.2 kB)
2026-10-02T01:34:56.4254229Z Collecting urllib3<3,>=1.26 (from requests>=2.28->seti-wd==0.1.0)
2026-10-02T01:34:56.4295470Z   Downloading urllib3-2.8.0-py3-none-any.whl.metadata (7.4 kB)
2026-10-02T01:34:56.4442695Z Collecting certifi>=2023.5.7 (from requests>=2.28->seti-wd==0.1.0)
2026-10-02T01:34:56.4478002Z   Downloading certifi-2026.7.22-py3-none-any.whl.metadata (2.5 kB)
2026-10-02T01:34:56.6066548Z Collecting cryptography>=2.0 (from SecretStorage>=3.2->keyring>=15.0->astroquery>=0.4.7->seti-wd==0.1.0)
2026-10-02T01:34:56.6103588Z   Downloading cryptography-50.0.2-cp311-abi3-manylinux_2_34_x86_64.whl.metadata (4.4 kB)
2026-10-02T01:34:56.7294193Z Collecting cffi>=2.0.0 (from cryptography>=2.0->SecretStorage>=3.2->keyring>=15.0->astroquery>=0.4.7->seti-wd==0.1.0)
2026-10-02T01:34:56.7330870Z   Downloading cffi-2.1.1-cp311-cp311-manylinux2014_x86_64.manylinux_2_17_x86_64.whl.metadata (2.5 kB)
2026-10-02T01:34:56.7444995Z Collecting pycparser (from cffi>=2.0.0->cryptography>=2.0->SecretStorage>=3.2->keyring>=15.0->astroquery>=0.4.7->seti-wd==0.1.0)
2026-10-02T01:34:56.7478708Z   Downloading pycparser-3.0-py3-none-any.whl.metadata (8.2 kB)
2026-10-02T01:34:56.7636128Z Collecting more-itertools (from jaraco.classes->keyring>=15.0->astroquery>=0.4.7->seti-wd==0.1.0)
2026-10-02T01:34:56.7671685Z   Downloading more_itertools-11.1.0-py3-none-any.whl.metadata (41 kB)
2026-10-02T01:34:56.7775545Z Collecting backports.tarfile (from jaraco.context->keyring>=15.0->astroquery>=0.4.7->seti-wd==0.1.0)
2026-10-02T01:34:56.7811592Z   Downloading backports.tarfile-1.2.0-py3-none-any.whl.metadata (2.0 kB)
2026-10-02T01:34:56.7944573Z Downloading astropy-8.0.1-cp311-abi3-manylinux2014_x86_64.manylinux_2_17_x86_64.manylinux_2_28_x86_64.whl (10.5 MB)
2026-10-02T01:34:56.8588849Z    ━━━━━━━━━━━━━━━━━━━━━━━━━━━━━━━━━━━━━━━━ 10.5/10.5 MB 169.3 MB/s  0:00:00
2026-10-02T01:34:56.8628467Z Downloading astropy_iers_data-0.2026.9.28.0.59.37-py3-none-any.whl (2.0 MB)
2026-10-02T01:34:56.8713079Z    ━━━━━━━━━━━━━━━━━━━━━━━━━━━━━━━━━━━━━━━━ 2.0/2.0 MB 278.9 MB/s  0:00:00
2026-10-02T01:34:56.8784085Z Downloading astroquery-0.4.11-py3-none-any.whl (11.1 MB)
2026-10-02T01:34:56.9612667Z    ━━━━━━━━━━━━━━━━━━━━━━━━━━━━━━━━━━━━━━━━ 11.1/11.1 MB 135.1 MB/s  0:00:00
2026-10-02T01:34:56.9650416Z Downloading beautifulsoup4-4.15.0-py3-none-any.whl (109 kB)
2026-10-02T01:34:56.9702131Z Downloading html5lib-1.1-py2.py3-none-any.whl (112 kB)
2026-10-02T01:34:56.9755765Z Downloading keyring-25.7.0-py3-none-any.whl (39 kB)
2026-10-02T01:34:56.9808450Z Downloading importlib_metadata-9.0.1-py3-none-any.whl (27 kB)
2026-10-02T01:34:56.9860330Z Downloading jeepney-0.9.0-py3-none-any.whl (49 kB)
2026-10-02T01:34:56.9911339Z Downloading matplotlib-3.11.2-cp311-cp311-manylinux2014_x86_64.manylinux_2_17_x86_64.whl (9.9 MB)
2026-10-02T01:34:57.0235529Z    ━━━━━━━━━━━━━━━━━━━━━━━━━━━━━━━━━━━━━━━━ 9.9/9.9 MB 324.8 MB/s  0:00:00
2026-10-02T01:34:57.0277775Z Downloading contourpy-1.3.3-cp311-cp311-manylinux_2_27_x86_64.manylinux_2_28_x86_64.whl (355 kB)
2026-10-02T01:34:57.0338253Z Downloading cycler-0.12.1-py3-none-any.whl (8.3 kB)
2026-10-02T01:34:57.0389427Z Downloading fonttools-4.66.1-cp311-cp311-manylinux2014_x86_64.manylinux_2_17_x86_64.whl (5.4 MB)
2026-10-02T01:34:57.0575789Z    ━━━━━━━━━━━━━━━━━━━━━━━━━━━━━━━━━━━━━━━━ 5.4/5.4 MB 322.9 MB/s  0:00:00
2026-10-02T01:34:57.0613066Z Downloading kiwisolver-1.5.1-cp311-cp311-manylinux2014_x86_64.manylinux_2_17_x86_64.whl (1.4 MB)
2026-10-02T01:34:57.0680445Z    ━━━━━━━━━━━━━━━━━━━━━━━━━━━━━━━━━━━━━━━━ 1.4/1.4 MB 263.3 MB/s  0:00:00
2026-10-02T01:34:57.0717914Z Downloading numpy-2.4.6-cp311-cp311-manylinux_2_27_x86_64.manylinux_2_28_x86_64.whl (16.9 MB)
2026-10-02T01:34:57.1275784Z    ━━━━━━━━━━━━━━━━━━━━━━━━━━━━━━━━━━━━━━━━ 16.9/16.9 MB 313.6 MB/s  0:00:00
2026-10-02T01:34:57.1290590Z Using cached packaging-26.3-py3-none-any.whl (129 kB)
2026-10-02T01:34:57.1327928Z Downloading pandas-3.0.6-cp311-cp311-manylinux_2_24_x86_64.manylinux_2_28_x86_64.whl (11.1 MB)
2026-10-02T01:34:57.1643404Z    ━━━━━━━━━━━━━━━━━━━━━━━━━━━━━━━━━━━━━━━━ 11.1/11.1 MB 373.4 MB/s  0:00:00
2026-10-02T01:34:57.1679343Z Downloading pillow-12.3.0-cp311-cp311-manylinux_2_27_x86_64.manylinux_2_28_x86_64.whl (6.9 MB)
2026-10-02T01:34:57.1878329Z    ━━━━━━━━━━━━━━━━━━━━━━━━━━━━━━━━━━━━━━━━ 6.9/6.9 MB 375.1 MB/s  0:00:00
2026-10-02T01:34:57.1915904Z Downloading pyarrow-25.0.1-cp311-cp311-manylinux_2_28_x86_64.whl (50.1 MB)
2026-10-02T01:34:57.3530360Z    ━━━━━━━━━━━━━━━━━━━━━━━━━━━━━━━━━━━━━━━━ 50.1/50.1 MB 313.7 MB/s  0:00:00
2026-10-02T01:34:57.3569120Z Downloading pyerfa-2.0.1.5-cp39-abi3-manylinux_2_17_x86_64.manylinux2014_x86_64.whl (738 kB)
2026-10-02T01:34:57.3624507Z    ━━━━━━━━━━━━━━━━━━━━━━━━━━━━━━━━━━━━━━━━ 738.7/738.7 kB 154.5 MB/s  0:00:00
2026-10-02T01:34:57.3659213Z Downloading pyparsing-3.3.3-py3-none-any.whl (126 kB)
2026-10-02T01:34:57.3715119Z Downloading pytest-9.1.1-py3-none-any.whl (386 kB)
2026-10-02T01:34:57.3772584Z Downloading pluggy-1.6.0-py3-none-any.whl (20 kB)
2026-10-02T01:34:57.3821378Z Downloading iniconfig-2.3.0-py3-none-any.whl (7.5 kB)
2026-10-02T01:34:57.3869591Z Downloading pygments-2.21.0-py3-none-any.whl (1.3 MB)
2026-10-02T01:34:57.3929590Z    ━━━━━━━━━━━━━━━━━━━━━━━━━━━━━━━━━━━━━━━━ 1.3/1.3 MB 247.7 MB/s  0:00:00
2026-10-02T01:34:57.3962563Z Downloading pytest_xdist-3.8.0-py3-none-any.whl (46 kB)
2026-10-02T01:34:57.4011380Z Downloading execnet-2.1.2-py3-none-any.whl (40 kB)
2026-10-02T01:34:57.4059118Z Downloading python_dateutil-2.9.0.post0-py2.py3-none-any.whl (229 kB)
2026-10-02T01:34:57.4195787Z Downloading pyvo-1.9.1-py3-none-any.whl (1.2 MB)
2026-10-02T01:34:57.4258368Z    ━━━━━━━━━━━━━━━━━━━━━━━━━━━━━━━━━━━━━━━━ 1.2/1.2 MB 209.8 MB/s  0:00:00
2026-10-02T01:34:57.4294106Z Downloading pyyaml-6.0.3-cp311-cp311-manylinux2014_x86_64.manylinux_2_17_x86_64.manylinux_2_28_x86_64.whl (806 kB)
2026-10-02T01:34:57.4341808Z    ━━━━━━━━━━━━━━━━━━━━━━━━━━━━━━━━━━━━━━━━ 806.6/806.6 kB 190.2 MB/s  0:00:00
2026-10-02T01:34:57.4377476Z Downloading requests-2.34.2-py3-none-any.whl (73 kB)
2026-10-02T01:34:57.4429120Z Downloading charset_normalizer-3.5.2-cp311-cp311-manylinux2014_x86_64.manylinux_2_17_x86_64.manylinux_2_28_x86_64.whl (269 kB)
2026-10-02T01:34:57.4480612Z Downloading idna-3.20-py3-none-any.whl (69 kB)
2026-10-02T01:34:57.4528845Z Downloading urllib3-2.8.0-py3-none-any.whl (135 kB)
2026-10-02T01:34:57.4580500Z Downloading certifi-2026.7.22-py3-none-any.whl (136 kB)
2026-10-02T01:34:57.4636236Z Downloading ruff-0.16.10-py3-none-manylinux_2_17_x86_64.manylinux2014_x86_64.whl (10.4 MB)
2026-10-02T01:34:57.4936046Z    ━━━━━━━━━━━━━━━━━━━━━━━━━━━━━━━━━━━━━━━━ 10.4/10.4 MB 363.9 MB/s  0:00:00
2026-10-02T01:34:57.4972092Z Downloading scipy-1.17.1-cp311-cp311-manylinux_2_27_x86_64.manylinux_2_28_x86_64.whl (35.3 MB)
2026-10-02T01:34:57.5925945Z    ━━━━━━━━━━━━━━━━━━━━━━━━━━━━━━━━━━━━━━━━ 35.3/35.3 MB 377.4 MB/s  0:00:00
2026-10-02T01:34:57.5963284Z Downloading secretstorage-3.5.0-py3-none-any.whl (15 kB)
2026-10-02T01:34:57.6013271Z Downloading cryptography-50.0.2-cp311-abi3-manylinux_2_34_x86_64.whl (4.8 MB)
2026-10-02T01:34:57.6159887Z    ━━━━━━━━━━━━━━━━━━━━━━━━━━━━━━━━━━━━━━━━ 4.8/4.8 MB 357.4 MB/s  0:00:00
2026-10-02T01:34:57.6201497Z Downloading cffi-2.1.1-cp311-cp311-manylinux2014_x86_64.manylinux_2_17_x86_64.whl (217 kB)
2026-10-02T01:34:57.6257340Z Downloading six-1.17.0-py2.py3-none-any.whl (11 kB)
2026-10-02T01:34:57.6308147Z Downloading soupsieve-2.10-py3-none-any.whl (38 kB)
2026-10-02T01:34:57.6356492Z Downloading typing_extensions-4.16.0-py3-none-any.whl (45 kB)
2026-10-02T01:34:57.6414384Z Downloading zipp-4.1.0-py3-none-any.whl (10 kB)
2026-10-02T01:34:57.6464147Z Downloading jaraco.classes-3.4.0-py3-none-any.whl (6.8 kB)
2026-10-02T01:34:57.6527668Z Downloading jaraco_context-6.1.2-py3-none-any.whl (7.9 kB)
2026-10-02T01:34:57.6574927Z Downloading backports.tarfile-1.2.0-py3-none-any.whl (30 kB)
2026-10-02T01:34:57.6628871Z Downloading jaraco_functools-4.6.0-py3-none-any.whl (11 kB)
2026-10-02T01:34:57.6679218Z Downloading more_itertools-11.1.0-py3-none-any.whl (72 kB)
2026-10-02T01:34:57.6728474Z Downloading pycparser-3.0-py3-none-any.whl (48 kB)
2026-10-02T01:34:57.6776995Z Downloading webencodings-0.6.1-py3-none-any.whl (8.7 kB)
2026-10-02T01:34:57.9980218Z Building wheels for collected packages: seti-wd
2026-10-02T01:34:57.9988195Z   Building editable for seti-wd (pyproject.toml): started
2026-10-02T01:34:58.2371599Z   Building editable for seti-wd (pyproject.toml): finished with status 'done'
2026-10-02T01:34:58.2376790Z   Created wheel for seti-wd: filename=seti_wd-0.1.0-0.editable-py3-none-any.whl size=9654 sha256=b29756c2278d584d47f53282ea0f71ee3c3092f2fc5a4d0d1b0866d8fac230f7
2026-10-02T01:34:58.2378542Z   Stored in directory: /tmp/pip-ephem-wheel-cache-c7z433ou/wheels/2c/4b/14/996965e1573649f221f467c671c7f655a43c7d569030254f06
2026-10-02T01:34:58.2396892Z Successfully built seti-wd
2026-10-02T01:34:58.3706862Z Installing collected packages: zipp, webencodings, urllib3, typing-extensions, soupsieve, six, ruff, pyyaml, pyparsing, pygments, pycparser, pyarrow, pluggy, pillow, packaging, numpy, more-itertools, kiwisolver, jeepney, iniconfig, idna, fonttools, execnet, cycler, charset_normalizer, certifi, backports.tarfile, astropy-iers-data, scipy, requests, python-dateutil, pytest, pyerfa, jaraco.functools, jaraco.context, jaraco.classes, importlib_metadata, html5lib, contourpy, cffi, beautifulsoup4, pytest-xdist, pandas, matplotlib, cryptography, astropy, SecretStorage, pyvo, keyring, astroquery, seti-wd
2026-10-02T01:35:18.3270111Z 
2026-10-02T01:35:18.3296540Z Successfully installed SecretStorage-3.5.0 astropy-8.0.1 astropy-iers-data-0.2026.9.28.0.59.37 astroquery-0.4.11 backports.tarfile-1.2.0 beautifulsoup4-4.15.0 certifi-2026.7.22 cffi-2.1.1 charset_normalizer-3.5.2 contourpy-1.3.3 cryptography-50.0.2 cycler-0.12.1 execnet-2.1.2 fonttools-4.66.1 html5lib-1.1 idna-3.20 importlib_metadata-9.0.1 iniconfig-2.3.0 jaraco.classes-3.4.0 jaraco.context-6.1.2 jaraco.functools-4.6.0 jeepney-0.9.0 keyring-25.7.0 kiwisolver-1.5.1 matplotlib-3.11.2 more-itertools-11.1.0 numpy-2.4.6 packaging-26.3 pandas-3.0.6 pillow-12.3.0 pluggy-1.6.0 pyarrow-25.0.1 pycparser-3.0 pyerfa-2.0.1.5 pygments-2.21.0 pyparsing-3.3.3 pytest-9.1.1 pytest-xdist-3.8.0 python-dateutil-2.9.0.post0 pyvo-1.9.1 pyyaml-6.0.3 requests-2.34.2 ruff-0.16.10 scipy-1.17.1 seti-wd-0.1.0 six-1.17.0 soupsieve-2.10 typing-extensions-4.16.0 urllib3-2.8.0 webencodings-0.6.1 zipp-4.1.0
2026-10-02T01:35:18.5433342Z ##[group]Run python scripts/make_bergeron_asset.py
2026-10-02T01:35:18.5433798Z [36;1mpython scripts/make_bergeron_asset.py[0m
2026-10-02T01:35:18.5434148Z [36;1mpython -m seti.cli make-sample[0m
2026-10-02T01:35:18.5507151Z shell: /usr/bin/bash -e {0}
2026-10-02T01:35:18.5507420Z env:
2026-10-02T01:35:18.5507706Z   pythonLocation: /opt/hostedtoolcache/Python/3.11.16/x64
2026-10-02T01:35:18.5508164Z   PKG_CONFIG_PATH: /opt/hostedtoolcache/Python/3.11.16/x64/lib/pkgconfig
2026-10-02T01:35:18.5508598Z   Python_ROOT_DIR: /opt/hostedtoolcache/Python/3.11.16/x64
2026-10-02T01:35:18.5508979Z   Python2_ROOT_DIR: /opt/hostedtoolcache/Python/3.11.16/x64
2026-10-02T01:35:18.5509373Z   Python3_ROOT_DIR: /opt/hostedtoolcache/Python/3.11.16/x64
2026-10-02T01:35:18.5509748Z   LD_LIBRARY_PATH: /opt/hostedtoolcache/Python/3.11.16/x64/lib
2026-10-02T01:35:18.5510074Z ##[endgroup]
2026-10-02T01:35:19.4287131Z wrote 222 rows -> /home/runner/work/Seti/Seti/src/seti/data_assets/bergeron_synthetic_wise.ecsv
2026-10-02T01:35:21.1733337Z wrote 353 rows -> /home/runner/work/Seti/Seti/data/sample/wd_sample.parquet
2026-10-02T01:35:21.3330677Z ##[group]Run ruff check src tests scripts
2026-10-02T01:35:21.3331041Z [36;1mruff check src tests scripts[0m
2026-10-02T01:35:21.3399173Z shell: /usr/bin/bash -e {0}
2026-10-02T01:35:21.3399448Z env:
2026-10-02T01:35:21.3399737Z   pythonLocation: /opt/hostedtoolcache/Python/3.11.16/x64
2026-10-02T01:35:21.3400187Z   PKG_CONFIG_PATH: /opt/hostedtoolcache/Python/3.11.16/x64/lib/pkgconfig
2026-10-02T01:35:21.3400615Z   Python_ROOT_DIR: /opt/hostedtoolcache/Python/3.11.16/x64
2026-10-02T01:35:21.3400993Z   Python2_ROOT_DIR: /opt/hostedtoolcache/Python/3.11.16/x64
2026-10-02T01:35:21.3401377Z   Python3_ROOT_DIR: /opt/hostedtoolcache/Python/3.11.16/x64
2026-10-02T01:35:21.3401754Z   LD_LIBRARY_PATH: /opt/hostedtoolcache/Python/3.11.16/x64/lib
2026-10-02T01:35:21.3402282Z ##[endgroup]
2026-10-02T01:35:21.5789268Z All checks passed!
2026-10-02T01:35:21.5836002Z ##[group]Run pytest -q -n auto
2026-10-02T01:35:21.5836329Z [36;1mpytest -q -n auto[0m
2026-10-02T01:35:21.5904774Z shell: /usr/bin/bash -e {0}
2026-10-02T01:35:21.5905053Z env:
2026-10-02T01:35:21.5905336Z   pythonLocation: /opt/hostedtoolcache/Python/3.11.16/x64
2026-10-02T01:35:21.5905781Z   PKG_CONFIG_PATH: /opt/hostedtoolcache/Python/3.11.16/x64/lib/pkgconfig
2026-10-02T01:35:21.5906221Z   Python_ROOT_DIR: /opt/hostedtoolcache/Python/3.11.16/x64
2026-10-02T01:35:21.5906598Z   Python2_ROOT_DIR: /opt/hostedtoolcache/Python/3.11.16/x64
2026-10-02T01:35:21.5906970Z   Python3_ROOT_DIR: /opt/hostedtoolcache/Python/3.11.16/x64
2026-10-02T01:35:21.5907347Z   LD_LIBRARY_PATH: /opt/hostedtoolcache/Python/3.11.16/x64/lib
2026-10-02T01:35:21.5907681Z ##[endgroup]
2026-10-02T01:35:46.5853021Z bringing up nodes...
2026-10-02T01:35:46.5872376Z bringing up nodes...
2026-10-02T01:35:46.5872660Z 
2026-10-02T01:35:47.1857891Z ........................................................................ [  1%]
2026-10-02T01:35:48.7542956Z ........................................................................ [  2%]
2026-10-02T01:35:51.3596701Z ........................................................................ [  4%]
2026-10-02T01:35:53.3373162Z ........................................................................ [  5%]
2026-10-02T01:35:57.2619426Z ........................................................................ [  7%]
2026-10-02T01:36:00.3973180Z ........................................................................ [  8%]
2026-10-02T01:36:05.1842464Z ........................................................................ [ 10%]
2026-10-02T01:36:11.5002812Z ........................................................................ [ 11%]
2026-10-02T01:36:28.0262946Z ........................................................................ [ 13%]
2026-10-02T01:36:42.4907487Z ........................................................................ [ 14%]
2026-10-02T01:36:50.0623120Z ........................................................................ [ 16%]
2026-10-02T01:37:26.8092989Z ........................................................................ [ 17%]
2026-10-02T01:37:38.2842858Z ........................................................................ [ 18%]
2026-10-02T01:37:44.1070404Z ........................................................................ [ 20%]
2026-10-02T01:37:46.7422939Z ........................................................................ [ 21%]
2026-10-02T01:37:54.2272629Z ........................................................................ [ 23%]
2026-10-02T01:37:58.6392825Z ........................................................................ [ 24%]
2026-10-02T01:38:21.2613001Z ........................................................................ [ 26%]
2026-10-02T01:38:22.7037260Z ........................................................................ [ 27%]
2026-10-02T01:39:06.1322937Z ........................................................................ [ 29%]
2026-10-02T01:39:09.8330704Z ........................................................................ [ 30%]
2026-10-02T01:39:17.5071209Z ........................................................................ [ 32%]
2026-10-02T01:39:34.9809068Z ........................................................................ [ 33%]
2026-10-02T01:39:46.3495523Z ........................................................................ [ 34%]
2026-10-02T01:40:02.8642939Z ........................................................................ [ 36%]
2026-10-02T01:40:15.5650146Z ........................................................................ [ 37%]
2026-10-02T01:40:37.4975046Z ..................................................s..................... [ 39%]
2026-10-02T01:40:41.9982950Z ........................................................................ [ 40%]
2026-10-02T01:40:46.7617122Z ........................................................................ [ 42%]
2026-10-02T01:40:47.1850877Z ................................................s....................... [ 43%]
2026-10-02T01:41:12.3146811Z ........................................................................ [ 45%]
2026-10-02T01:41:20.4519974Z ........................................................................ [ 46%]
2026-10-02T01:41:23.0302816Z ........................................................................ [ 48%]
2026-10-02T01:41:28.3935619Z .........................ssss........................................... [ 49%]
2026-10-02T01:41:36.5912828Z ........................................................................ [ 50%]
2026-10-02T01:41:54.3642882Z ........................................................................ [ 52%]
2026-10-02T01:42:01.1457453Z ........................................................................ [ 53%]
2026-10-02T01:42:15.8654777Z ........................................................................ [ 55%]
2026-10-02T01:42:29.7052932Z ........................................................................ [ 56%]
2026-10-02T01:42:59.5313209Z ........................................................................ [ 58%]
2026-10-02T01:43:26.4810803Z ........................................................................ [ 59%]
2026-10-02T01:43:41.4919465Z ........................................................................ [ 61%]
2026-10-02T01:43:48.3082991Z ........................................................................ [ 62%]
2026-10-02T01:43:48.6778162Z ........................................................................ [ 64%]
2026-10-02T01:44:09.6307085Z ........................................................................ [ 65%]
2026-10-02T01:44:30.9493483Z ........................................................................ [ 66%]
2026-10-02T01:44:43.7753751Z ........................................................................ [ 68%]
2026-10-02T01:44:55.3397553Z ........................................................................ [ 69%]
2026-10-02T01:45:12.5213078Z ........................................................................ [ 71%]
2026-10-02T01:45:13.1079757Z ........................................................................ [ 72%]
2026-10-02T01:45:57.9952836Z ........................................................................ [ 74%]
2026-10-02T01:47:05.8632762Z ........................................................................ [ 75%]
2026-10-02T01:47:09.9438136Z ........................................................................ [ 77%]
2026-10-02T01:47:11.4552862Z ........................................................................ [ 78%]
2026-10-02T01:47:13.5272805Z ........................................................................ [ 80%]
2026-10-02T01:47:15.3552818Z ........................................................................ [ 81%]
2026-10-02T01:47:17.4363033Z ..................................................sssss.ssssssssssssssss [ 82%]
2026-10-02T01:47:18.2563154Z ......s..s..ss.ssssssssssssssssssssssssssssssssssssss..ss.ssssssssssssss [ 84%]
2026-10-02T01:47:19.0973124Z ssssss..sssss.sssssssssssss.ss..ssssssssss.sssssss.ssssssssssssssss.ssss [ 85%]
2026-10-02T01:47:20.0228375Z .ssssssssssssssssssssssssssssssss..s..sssss..ss.ssssssssssssssssssss..ss [ 87%]
2026-10-02T01:47:21.5505429Z sss.sssssssssssss.ss..ssssssssss.ss.sssssssssssssssssssssssssss.ssssssss [ 88%]
2026-10-02T01:47:22.5017737Z sssssssssssssssssssssssssssssssssssssssssssssssssssssssssssssssss.ssssss [ 90%]
2026-10-02T01:47:23.2573258Z ssssssssssssssssssss.ss................................................. [ 91%]
2026-10-02T01:47:24.2322883Z ........................................................................ [ 93%]
2026-10-02T01:48:51.8528941Z ........................................................................ [ 94%]
2026-10-02T01:51:13.6583190Z ........................................................................ [ 96%]
2026-10-02T01:53:29.1146418Z ........................................................................ [ 97%]
2026-10-02T01:54:48.3720646Z ........................................................................ [ 98%]
2026-10-02T01:55:03.6163714Z ...................................................                      [100%]
2026-10-02T01:55:03.6164413Z =============================== warnings summary ===============================
2026-10-02T01:55:03.6165105Z tests/test_ring.py::test_ring_flux_is_bolometrically_consistent
2026-10-02T01:55:03.6165952Z   /home/runner/work/Seti/Seti/tests/test_ring.py:53: RuntimeWarning: overflow encountered in expm1
2026-10-02T01:55:03.6166711Z     bnu = (2 * H_PLANCK * nu ** 3 / C_LIGHT ** 2) / np.expm1(x)
2026-10-02T01:55:03.6167048Z 
2026-10-02T01:55:03.6167439Z tests/test_sextant_run.py::test_a_legacy_shard_is_repaired_and_assessed_not_reported_as_no_data
2026-10-02T01:55:03.6168313Z tests/test_sextant_run.py::test_the_new_writer_round_trips_commas_quotes_and_newlines
2026-10-02T01:55:03.6169528Z   /home/runner/work/Seti/Seti/src/seti/sextant/run.py:1829: ConstantInputWarning: An input array is constant; the correlation coefficient is not defined.
2026-10-02T01:55:03.6171123Z     rho = spearmanr(np.abs(a2[m] / err[m]), x[m]).correlation
2026-10-02T01:55:03.6171479Z 
2026-10-02T01:55:03.6171782Z tests/test_spark.py::test_spherex_end_to_end_recovers_an_injected_channel
2026-10-02T01:55:03.6173017Z tests/test_spark.py::test_spherex_null_world_and_empty_obscore
2026-10-02T01:55:03.6173896Z tests/test_spark.py::test_probe_on_the_fake_spherex_archive_describes_products
2026-10-02T01:55:03.6174806Z tests/test_spark.py::test_probe_on_the_fake_spherex_archive_describes_products
2026-10-02T01:55:03.6175917Z tests/test_spark.py::test_fits_roundtrip_of_the_fake_cutout_is_readable_by_the_pipeline
2026-10-02T01:55:03.6177548Z   /opt/hostedtoolcache/Python/3.11.16/x64/lib/python3.11/site-packages/astropy/wcs/wcs.py:694: FITSFixedWarning: The WCS transformation has more axes (3) than the image it is associated with (2)
2026-10-02T01:55:03.6178879Z     warnings.warn(
2026-10-02T01:55:03.6179258Z 
2026-10-02T01:55:03.6179680Z tests/test_tidemark.py::test_channel_declared_covariates_are_actually_used
2026-10-02T01:55:03.6180595Z tests/test_tidemark.py::test_missing_magnitude_covariate_is_flagged_not_ignored
2026-10-02T01:55:03.6181720Z   /home/runner/work/Seti/Seti/src/seti/tidemark/inject.py:132: RuntimeWarning: All-NaN slice encountered
2026-10-02T01:55:03.6246185Z     z = strength * (0.9 * (g - np.nanmedian(g)) + 3.0 * np.nan_to_num(ebv)
2026-10-02T01:55:03.6246715Z 
2026-10-02T01:55:03.6247012Z tests/test_vigil.py::test_sweep_recovers_the_signal_end_to_end
2026-10-02T01:55:03.6248981Z   /home/runner/work/Seti/Seti/src/seti/vigil/run.py:580: PerformanceWarning: DataFrame is highly fragmented.  This is usually the result of calling `frame.insert` many times, which has poor performance.  Consider joining all columns at once using pd.concat(axis=1) instead. To get a de-fragmented frame, use `newframe = frame.copy()`
2026-10-02T01:55:03.6250908Z     d["field_dir"] = Path(fp).parent.name
2026-10-02T01:55:03.6251178Z 
2026-10-02T01:55:03.6251485Z -- Docs: https://docs.pytest.org/en/stable/how-to/capture-warnings.html
2026-10-02T01:55:03.9134507Z ##[group]Run python -m seti.cli analyze
2026-10-02T01:55:03.9134874Z [36;1mpython -m seti.cli analyze[0m
2026-10-02T01:55:03.9135164Z [36;1mpython -m seti.cli completeness[0m
2026-10-02T01:55:03.9135447Z [36;1mpython -m seti.cli forecast[0m
2026-10-02T01:55:03.9135743Z [36;1mpython -m seti.cli contamination-budget[0m
2026-10-02T01:55:03.9136050Z [36;1mpython -m seti.cli figures[0m
2026-10-02T01:55:03.9136325Z [36;1mpython -m seti.cli paper-numbers[0m
2026-10-02T01:55:03.9203823Z shell: /usr/bin/bash -e {0}
2026-10-02T01:55:03.9204085Z env:
2026-10-02T01:55:03.9204353Z   pythonLocation: /opt/hostedtoolcache/Python/3.11.16/x64
2026-10-02T01:55:03.9204802Z   PKG_CONFIG_PATH: /opt/hostedtoolcache/Python/3.11.16/x64/lib/pkgconfig
2026-10-02T01:55:03.9205227Z   Python_ROOT_DIR: /opt/hostedtoolcache/Python/3.11.16/x64
2026-10-02T01:55:03.9205606Z   Python2_ROOT_DIR: /opt/hostedtoolcache/Python/3.11.16/x64
2026-10-02T01:55:03.9206034Z   Python3_ROOT_DIR: /opt/hostedtoolcache/Python/3.11.16/x64
2026-10-02T01:55:03.9206435Z   LD_LIBRARY_PATH: /opt/hostedtoolcache/Python/3.11.16/x64/lib
2026-10-02T01:55:03.9206762Z ##[endgroup]
2026-10-02T01:55:05.0621228Z {
2026-10-02T01:55:05.0621689Z   "counts": {
2026-10-02T01:55:05.0622460Z     "parent": 353,
2026-10-02T01:55:05.0622985Z     "searchable": 324,
2026-10-02T01:55:05.0623794Z     "with_excess": 49,
2026-10-02T01:55:05.0624247Z     "clean": 324,
2026-10-02T01:55:05.0624696Z     "clean_excess": 26,
2026-10-02T01:55:05.0625155Z     "known_disk": 22,
2026-10-02T01:55:05.0625606Z     "candidates": 4
2026-10-02T01:55:05.0626037Z   },
2026-10-02T01:55:05.0626449Z   "funnel_counts": {
2026-10-02T01:55:05.0626892Z     "input": 353,
2026-10-02T01:55:05.0627327Z     "astrometry": 353,
2026-10-02T01:55:05.0627792Z     "wise_quality": 353,
2026-10-02T01:55:05.0628265Z     "crowding": 345,
2026-10-02T01:55:05.0628705Z     "comovement": 331,
2026-10-02T01:55:05.0629166Z     "extragalactic": 324
2026-10-02T01:55:05.0629960Z   },
2026-10-02T01:55:05.0630393Z   "occurrence_limit": {
2026-10-02T01:55:05.0630865Z     "k_candidates": 4,
2026-10-02T01:55:05.0631287Z     "n_eff": 324.0,
2026-10-02T01:55:05.0631723Z     "confidence": 0.95,
2026-10-02T01:55:05.0632334Z     "f_upper": 0.028251601934066586,
2026-10-02T01:55:05.0633119Z     "f_point": 0.012345679012345678
2026-10-02T01:55:05.0633832Z   }
2026-10-02T01:55:05.0634341Z }
2026-10-02T01:55:06.3962243Z wrote completeness map (25 cells) -> /home/runner/work/Seti/Seti/results/tables/completeness.parquet
2026-10-02T01:55:07.8550748Z {
2026-10-02T01:55:07.8551112Z   "headline_limit": {
2026-10-02T01:55:07.8551442Z     "f_upper_95": 0.0003150870486360118,
2026-10-02T01:55:07.8551745Z     "at_t_dust_k": 500.0,
2026-10-02T01:55:07.8552235Z     "at_tau": 0.3,
2026-10-02T01:55:07.8552444Z     "n_eff": 9507.6338,
2026-10-02T01:55:07.8552668Z     "n_detected_real": 9507.6338
2026-10-02T01:55:07.8552900Z   },
2026-10-02T01:55:07.8553082Z   "n_cells": 25,
2026-10-02T01:55:07.8553317Z   "n_detected_real": 9507.6338
2026-10-02T01:55:07.8553552Z }
2026-10-02T01:55:09.0657541Z {
2026-10-02T01:55:09.0657975Z   "lambda_per_wd": 0.10035643198967395,
2026-10-02T01:55:09.0658433Z   "n_wd_detected_draw": 6338,
2026-10-02T01:55:09.0658858Z   "chance_aligned_before_draw": 636.0590659505535,
2026-10-02T01:55:09.0659368Z   "chance_aligned_after_draw": 348.43753186814797,
2026-10-02T01:55:09.0659876Z   "rejection_factor": 1.8254608294930876,
2026-10-02T01:55:09.0660346Z   "removed_fraction": 0.4521931208583149,
2026-10-02T01:55:09.0660852Z   "chance_aligned_before_real": 954.1522048324254,
2026-10-02T01:55:09.0661410Z   "chance_aligned_after_real": 522.6911415554088,
2026-10-02T01:55:09.0662075Z   "median_pm_mas_yr": 145.82387761515844
2026-10-02T01:55:09.0662476Z }
2026-10-02T01:55:11.6867981Z wrote /home/runner/work/Seti/Seti/results/figures/chi_distribution.pdf
2026-10-02T01:55:11.6868827Z wrote /home/runner/work/Seti/Seti/results/figures/color_color_locus.pdf
2026-10-02T01:55:11.6869897Z wrote /home/runner/work/Seti/Seti/results/figures/funnel.pdf
2026-10-02T01:55:11.6870570Z wrote /home/runner/work/Seti/Seti/results/figures/forecast_limit.pdf
2026-10-02T01:55:11.6871321Z wrote /home/runner/work/Seti/Seti/results/figures/completeness_heatmap.pdf
2026-10-02T01:55:11.6872072Z wrote /home/runner/work/Seti/Seti/results/figures/comovement_efficacy.pdf
2026-10-02T01:55:13.4983349Z wrote /home/runner/work/Seti/Seti/paper/numbers.tex
2026-10-02T01:55:13.6173600Z ##[group]Run actions/upload-artifact@v4
2026-10-02T01:55:13.6173910Z with:
2026-10-02T01:55:13.6174123Z   name: analysis-outputs
2026-10-02T01:55:13.6174362Z   path: results/
2026-10-02T01:55:13.6174578Z   if-no-files-found: warn
2026-10-02T01:55:13.6174815Z   compression-level: 6
2026-10-02T01:55:13.6175037Z   overwrite: false
2026-10-02T01:55:13.6175256Z   include-hidden-files: false
2026-10-02T01:55:13.6175491Z env:
2026-10-02T01:55:13.6175754Z   pythonLocation: /opt/hostedtoolcache/Python/3.11.16/x64
2026-10-02T01:55:13.6176192Z   PKG_CONFIG_PATH: /opt/hostedtoolcache/Python/3.11.16/x64/lib/pkgconfig
2026-10-02T01:55:13.6176626Z   Python_ROOT_DIR: /opt/hostedtoolcache/Python/3.11.16/x64
2026-10-02T01:55:13.6177000Z   Python2_ROOT_DIR: /opt/hostedtoolcache/Python/3.11.16/x64
2026-10-02T01:55:13.6177370Z   Python3_ROOT_DIR: /opt/hostedtoolcache/Python/3.11.16/x64
2026-10-02T01:55:13.6177771Z   LD_LIBRARY_PATH: /opt/hostedtoolcache/Python/3.11.16/x64/lib
2026-10-02T01:55:13.6178151Z ##[endgroup]
2026-10-02T01:55:13.7841811Z (node:5470) [DEP0040] DeprecationWarning: The `punycode` module is deprecated. Please use a userland alternative instead.
2026-10-02T01:55:13.7842694Z (Use `node --trace-deprecation ...` to show where the warning was created)
2026-10-02T01:55:14.4793398Z With the provided path, there will be 6745 files uploaded
2026-10-02T01:55:14.4832642Z Artifact name is valid!
2026-10-02T01:55:14.4832920Z Root directory input is valid!
2026-10-02T01:55:14.7956489Z Beginning upload of artifact content to blob storage
2026-10-02T01:55:15.8554307Z (node:5470) [DEP0169] DeprecationWarning: `url.parse()` behavior is not standardized and prone to errors that have security implications. Use the WHATWG URL API instead. CVEs are not issued for `url.parse()` vulnerabilities.
2026-10-02T01:55:16.2271586Z Uploaded bytes 8388608
2026-10-02T01:55:17.1293932Z Uploaded bytes 16777216
2026-10-02T01:55:17.7781745Z Uploaded bytes 25165824
2026-10-02T01:55:18.6041151Z Uploaded bytes 33554432
2026-10-02T01:55:19.3312670Z Uploaded bytes 41943040
2026-10-02T01:55:20.1912359Z Uploaded bytes 50331648
2026-10-02T01:55:20.8705162Z Uploaded bytes 58720256
2026-10-02T01:55:21.1884076Z Uploaded bytes 67108864
2026-10-02T01:55:21.4889899Z Uploaded bytes 75497472
2026-10-02T01:55:21.8670013Z Uploaded bytes 83886080
2026-10-02T01:55:22.2003575Z Uploaded bytes 92274688
2026-10-02T01:55:22.4983597Z Uploaded bytes 100663296
2026-10-02T01:55:22.7979746Z Uploaded bytes 109051904
2026-10-02T01:55:23.1751321Z Uploaded bytes 117440512
2026-10-02T01:55:23.5227605Z Uploaded bytes 125829120
2026-10-02T01:55:23.9022560Z Uploaded bytes 134217728
2026-10-02T01:55:24.2292675Z Uploaded bytes 142606336
2026-10-02T01:55:24.6537160Z Uploaded bytes 150994944
2026-10-02T01:55:25.0144897Z Uploaded bytes 159383552
2026-10-02T01:55:25.3534536Z Uploaded bytes 167772160
2026-10-02T01:55:25.7467636Z Uploaded bytes 176160768
2026-10-02T01:55:26.9107400Z Uploaded bytes 184549376
2026-10-02T01:55:27.5475212Z Uploaded bytes 192937984
2026-10-02T01:55:27.8423487Z Uploaded bytes 201326592
2026-10-02T01:55:29.0030455Z Uploaded bytes 209715200
2026-10-02T01:55:30.0544519Z Uploaded bytes 218103808
2026-10-02T01:55:31.2017992Z Uploaded bytes 226492416
2026-10-02T01:55:32.2593164Z Uploaded bytes 234881024
2026-10-02T01:55:33.2453665Z Uploaded bytes 243269632
2026-10-02T01:55:34.3673237Z Uploaded bytes 251658240
2026-10-02T01:55:35.0633048Z Uploaded bytes 260046848
2026-10-02T01:55:36.1289917Z Uploaded bytes 268435456
2026-10-02T01:55:37.0141403Z Uploaded bytes 276824064
2026-10-02T01:55:38.1821148Z Uploaded bytes 285212672
2026-10-02T01:55:39.3141232Z Uploaded bytes 293601280
2026-10-02T01:55:40.4482688Z Uploaded bytes 301989888
2026-10-02T01:55:41.0661350Z Uploaded bytes 310378496
2026-10-02T01:55:42.2116791Z Uploaded bytes 318767104
2026-10-02T01:55:42.9340970Z Uploaded bytes 327155712
2026-10-02T01:55:43.4997499Z Uploaded bytes 335544320
2026-10-02T01:55:44.5454003Z Uploaded bytes 343932928
2026-10-02T01:55:45.1236088Z Uploaded bytes 352321536
2026-10-02T01:55:45.9068816Z Uploaded bytes 360710144
2026-10-02T01:55:46.5307076Z Uploaded bytes 369098752
2026-10-02T01:55:46.7376279Z Uploaded bytes 377487360
2026-10-02T01:55:47.2453432Z Uploaded bytes 385875968
2026-10-02T01:55:48.4010402Z Uploaded bytes 394264576
2026-10-02T01:55:49.5037138Z Uploaded bytes 402653184
2026-10-02T01:55:49.9680116Z Uploaded bytes 410346458
2026-10-02T01:55:50.0002711Z Finished uploading artifact content to blob storage!
2026-10-02T01:55:50.0006536Z SHA256 digest of uploaded artifact zip is d31f5e0eb22e93f6917597370bde168b981463a3ac07c89c3a3d3e1cbd7ba23e
2026-10-02T01:55:50.0008778Z Finalizing artifact upload
2026-10-02T01:55:50.2927683Z Artifact analysis-outputs.zip successfully finalized. Artifact ID 11204294130
2026-10-02T01:55:50.2928829Z Artifact analysis-outputs has been successfully uploaded! Final size is 410346458 bytes. Artifact ID is 11204294130
2026-10-02T01:55:50.2936299Z Artifact download URL: https://github.com/trimcrae/Seti/actions/runs/36951571064/artifacts/11204294130
2026-10-02T01:55:50.3299596Z Post job cleanup.
2026-10-02T01:55:50.4496201Z (node:5491) [DEP0040] DeprecationWarning: The `punycode` module is deprecated. Please use a userland alternative instead.
2026-10-02T01:55:50.4496941Z (Use `node --trace-deprecation ...` to show where the warning was created)
2026-10-02T01:55:50.4678114Z Post job cleanup.
2026-10-02T01:55:50.5592622Z [command]/usr/bin/git version
2026-10-02T01:55:50.5629049Z git version 2.55.0
2026-10-02T01:55:50.5669879Z Temporarily overriding HOME='/home/runner/work/_temp/e64e0575-3e88-4888-a7d3-7fe535b05ac3' before making global git config changes
2026-10-02T01:55:50.5671574Z Adding repository directory to the temporary git global config as a safe directory
2026-10-02T01:55:50.5675467Z [command]/usr/bin/git config --global --add safe.directory /home/runner/work/Seti/Seti
2026-10-02T01:55:50.5716436Z [command]/usr/bin/git config --local --name-only --get-regexp core\.sshCommand
2026-10-02T01:55:50.5751295Z [command]/usr/bin/git submodule foreach --recursive sh -c "git config --local --name-only --get-regexp 'core\.sshCommand' && git config --local --unset-all 'core.sshCommand' || :"
2026-10-02T01:55:50.6019260Z [command]/usr/bin/git config --local --name-only --get-regexp http\.https\:\/\/github\.com\/\.extraheader
2026-10-02T01:55:50.6049551Z http.https://github.com/.extraheader
2026-10-02T01:55:50.6061186Z [command]/usr/bin/git config --local --unset-all http.https://github.com/.extraheader
2026-10-02T01:55:50.6098588Z [command]/usr/bin/git submodule foreach --recursive sh -c "git config --local --name-only --get-regexp 'http\.https\:\/\/github\.com\/\.extraheader' && git config --local --unset-all 'http.https://github.com/.extraheader' || :"
2026-10-02T01:55:50.6422811Z [command]/usr/bin/git config --local --name-only --get-regexp ^includeIf\.gitdir:
2026-10-02T01:55:50.6460378Z [command]/usr/bin/git submodule foreach --recursive git config --local --show-origin --name-only --get-regexp remote.origin.url
2026-10-02T01:55:50.6992981Z Cleaning up orphan processes
2026-10-02T01:55:50.7305246Z ##[warning]Node.js 20 is deprecated. The following actions target Node.js 20 but are being forced to run on Node.js 24: actions/checkout@v4, actions/setup-python@v5, actions/upload-artifact@v4. For more information see: https://github.blog/changelog/2025-09-19-deprecation-of-node-20-on-github-actions-runners/
