2026-10-02T02:56:01.4569170Z Current runner version: '2.337.0'
2026-10-02T02:56:01.4587047Z ##[group]Runner Image Provisioner
2026-10-02T02:56:01.4587754Z Hosted Compute Agent
2026-10-02T02:56:01.4588153Z Version: 20260901.588
2026-10-02T02:56:01.4588624Z Commit: f88ec8081b781fac6c440065ac7ff9e710ce3d0b
2026-10-02T02:56:01.4589468Z Build Date: 2026-09-01T19:56:44Z
2026-10-02T02:56:01.4589936Z Worker ID: {821f7c1b-fafd-4a3e-b40f-1069ab2480ac}
2026-10-02T02:56:01.4590450Z Azure Region: centralus
2026-10-02T02:56:01.4590843Z ##[endgroup]
2026-10-02T02:56:01.4592104Z ##[group]Operating System
2026-10-02T02:56:01.4592545Z Ubuntu
2026-10-02T02:56:01.4592919Z 24.04.5
2026-10-02T02:56:01.4593294Z LTS
2026-10-02T02:56:01.4593641Z ##[endgroup]
2026-10-02T02:56:01.4594037Z ##[group]Runner Image
2026-10-02T02:56:01.4594447Z Image: ubuntu-24.04
2026-10-02T02:56:01.4594824Z Version: 20260927.320.1
2026-10-02T02:56:01.4595719Z Included Software: https://github.com/actions/runner-images/blob/ubuntu24/20260927.320/images/ubuntu/Ubuntu2404-Readme.md
2026-10-02T02:56:01.4596768Z Image Release: https://github.com/actions/runner-images/releases/tag/ubuntu24%2F20260927.320
2026-10-02T02:56:01.4597426Z ##[endgroup]
2026-10-02T02:56:01.4598188Z ##[group]GITHUB_TOKEN Permissions
2026-10-02T02:56:01.4600234Z Contents: read
2026-10-02T02:56:01.4600651Z Metadata: read
2026-10-02T02:56:01.4601055Z ##[endgroup]
2026-10-02T02:56:01.4602503Z Secret source: Actions
2026-10-02T02:56:01.4603161Z Cache mode: write
2026-10-02T02:56:01.4603618Z Prepare workflow directory
2026-10-02T02:56:01.4880734Z Prepare all required actions
2026-10-02T02:56:01.4930087Z Getting action download info
2026-10-02T02:56:01.7643134Z Download action repository 'actions/checkout@v4' (SHA:11d5960a326750d5838078e36cf38b85af677262)
2026-10-02T02:56:01.8914637Z Download action repository 'actions/setup-python@v5' (SHA:a26af69be951a213d495a4c3e4e4022e16d87065)
2026-10-02T02:56:02.0459415Z Complete job name: offline
2026-10-02T02:56:02.0975461Z ##[group]Run actions/checkout@v4
2026-10-02T02:56:02.0976079Z with:
2026-10-02T02:56:02.0976458Z   repository: trimcrae/Seti
2026-10-02T02:56:02.0979379Z   token: ***
2026-10-02T02:56:02.0979752Z   ssh-strict: true
2026-10-02T02:56:02.0980133Z   ssh-user: git
2026-10-02T02:56:02.0980508Z   persist-credentials: true
2026-10-02T02:56:02.0980896Z   clean: true
2026-10-02T02:56:02.0981291Z   sparse-checkout-cone-mode: true
2026-10-02T02:56:02.0981730Z   fetch-depth: 1
2026-10-02T02:56:02.0982127Z   fetch-tags: false
2026-10-02T02:56:02.0982497Z   show-progress: true
2026-10-02T02:56:02.0982855Z   lfs: false
2026-10-02T02:56:02.0983239Z   submodules: false
2026-10-02T02:56:02.0983612Z   set-safe-directory: true
2026-10-02T02:56:02.0984021Z   allow-unsafe-pr-checkout: false
2026-10-02T02:56:02.0984585Z ##[endgroup]
2026-10-02T02:56:02.1723080Z Syncing repository: trimcrae/Seti
2026-10-02T02:56:02.1724587Z ##[group]Getting Git version info
2026-10-02T02:56:02.1725516Z Working directory is '/home/runner/work/Seti/Seti'
2026-10-02T02:56:02.1726487Z [command]/usr/bin/git version
2026-10-02T02:56:02.2638904Z git version 2.55.0
2026-10-02T02:56:02.2652942Z ##[endgroup]
2026-10-02T02:56:02.2665890Z Temporarily overriding HOME='/home/runner/work/_temp/856a74ed-873d-4f06-ab66-0e9415afd425' before making global git config changes
2026-10-02T02:56:02.2667300Z Adding repository directory to the temporary git global config as a safe directory
2026-10-02T02:56:02.2670842Z [command]/usr/bin/git config --global --add safe.directory /home/runner/work/Seti/Seti
2026-10-02T02:56:02.2712037Z Deleting the contents of '/home/runner/work/Seti/Seti'
2026-10-02T02:56:02.2716373Z ##[group]Initializing the repository
2026-10-02T02:56:02.2719655Z [command]/usr/bin/git init /home/runner/work/Seti/Seti
2026-10-02T02:56:02.2813690Z hint: Using 'master' as the name for the initial branch. This default branch name
2026-10-02T02:56:02.2814494Z hint: will change to "main" in Git 3.0. To configure the initial branch name
2026-10-02T02:56:02.2815291Z hint: to use in all of your new repositories, which will suppress this warning,
2026-10-02T02:56:02.2816042Z hint: call:
2026-10-02T02:56:02.2816365Z hint:
2026-10-02T02:56:02.2816835Z hint: 	git config --global init.defaultBranch <name>
2026-10-02T02:56:02.2817298Z hint:
2026-10-02T02:56:02.2817744Z hint: Names commonly chosen instead of 'master' are 'main', 'trunk' and
2026-10-02T02:56:02.2818423Z hint: 'development'. The just-created branch can be renamed via this command:
2026-10-02T02:56:02.2819312Z hint:
2026-10-02T02:56:02.2819673Z hint: 	git branch -m <name>
2026-10-02T02:56:02.2820071Z hint:
2026-10-02T02:56:02.2820574Z hint: Disable this message with "git config set advice.defaultBranchName false"
2026-10-02T02:56:02.2824099Z Initialized empty Git repository in /home/runner/work/Seti/Seti/.git/
2026-10-02T02:56:02.2831085Z [command]/usr/bin/git remote add origin https://github.com/trimcrae/Seti
2026-10-02T02:56:02.2916399Z ##[endgroup]
2026-10-02T02:56:02.2917064Z ##[group]Disabling automatic garbage collection
2026-10-02T02:56:02.2920039Z [command]/usr/bin/git config --local gc.auto 0
2026-10-02T02:56:02.2948964Z ##[endgroup]
2026-10-02T02:56:02.2949866Z ##[group]Setting up auth
2026-10-02T02:56:02.2954321Z [command]/usr/bin/git config --local --name-only --get-regexp core\.sshCommand
2026-10-02T02:56:02.2977374Z [command]/usr/bin/git submodule foreach --recursive sh -c "git config --local --name-only --get-regexp 'core\.sshCommand' && git config --local --unset-all 'core.sshCommand' || :"
2026-10-02T02:56:02.3240910Z [command]/usr/bin/git config --local --name-only --get-regexp http\.https\:\/\/github\.com\/\.extraheader
2026-10-02T02:56:02.3264584Z [command]/usr/bin/git submodule foreach --recursive sh -c "git config --local --name-only --get-regexp 'http\.https\:\/\/github\.com\/\.extraheader' && git config --local --unset-all 'http.https://github.com/.extraheader' || :"
2026-10-02T02:56:02.3417384Z [command]/usr/bin/git config --local --name-only --get-regexp ^includeIf\.gitdir:
2026-10-02T02:56:02.3441220Z [command]/usr/bin/git submodule foreach --recursive git config --local --show-origin --name-only --get-regexp remote.origin.url
2026-10-02T02:56:02.3591148Z [command]/usr/bin/git config --local http.https://github.com/.extraheader AUTHORIZATION: basic ***
2026-10-02T02:56:02.3622744Z ##[endgroup]
2026-10-02T02:56:02.3623544Z ##[group]Fetching the repository
2026-10-02T02:56:02.3630986Z [command]/usr/bin/git -c protocol.version=2 fetch --no-tags --prune --no-recurse-submodules --depth=1 origin +13ae39881fb43365e3dbb80ebb9a3567be611487:refs/remotes/pull/26/merge
2026-10-02T02:56:22.6631455Z From https://github.com/trimcrae/Seti
2026-10-02T02:56:22.6632128Z  * [new ref]         13ae39881fb43365e3dbb80ebb9a3567be611487 -> pull/26/merge
2026-10-02T02:56:22.6634077Z ##[endgroup]
2026-10-02T02:56:22.6634625Z ##[group]Determining the checkout info
2026-10-02T02:56:22.6635715Z ##[endgroup]
2026-10-02T02:56:22.6646674Z [command]/usr/bin/git sparse-checkout disable
2026-10-02T02:56:22.6697706Z [command]/usr/bin/git config --local --unset-all extensions.worktreeConfig
2026-10-02T02:56:22.6729093Z ##[group]Checking out the ref
2026-10-02T02:56:22.6732537Z [command]/usr/bin/git checkout --progress --force refs/remotes/pull/26/merge
2026-10-02T02:56:24.0062094Z Updating files:  11% (911/7677)
2026-10-02T02:56:24.0213206Z Updating files:  12% (922/7677)
2026-10-02T02:56:24.0243372Z Updating files:  13% (999/7677)
2026-10-02T02:56:24.0858214Z Updating files:  14% (1075/7677)
2026-10-02T02:56:24.1146941Z Updating files:  15% (1152/7677)
2026-10-02T02:56:24.2182135Z Updating files:  16% (1229/7677)
2026-10-02T02:56:24.2335762Z Updating files:  17% (1306/7677)
2026-10-02T02:56:24.2417593Z Updating files:  18% (1382/7677)
2026-10-02T02:56:24.2708499Z Updating files:  19% (1459/7677)
2026-10-02T02:56:24.3082944Z Updating files:  20% (1536/7677)
2026-10-02T02:56:24.3411583Z Updating files:  21% (1613/7677)
2026-10-02T02:56:24.3752179Z Updating files:  22% (1689/7677)
2026-10-02T02:56:24.4091534Z Updating files:  23% (1766/7677)
2026-10-02T02:56:24.4410233Z Updating files:  24% (1843/7677)
2026-10-02T02:56:24.4735511Z Updating files:  25% (1920/7677)
2026-10-02T02:56:24.4760119Z Updating files:  26% (1997/7677)
2026-10-02T02:56:24.4801121Z Updating files:  27% (2073/7677)
2026-10-02T02:56:24.4929128Z Updating files:  28% (2150/7677)
2026-10-02T02:56:24.6807396Z Updating files:  29% (2227/7677)
2026-10-02T02:56:24.6808506Z Updating files:  30% (2304/7677)
2026-10-02T02:56:24.7209607Z Updating files:  30% (2306/7677)
2026-10-02T02:56:24.7505014Z Updating files:  31% (2380/7677)
2026-10-02T02:56:24.7858655Z Updating files:  32% (2457/7677)
2026-10-02T02:56:24.8044865Z Updating files:  33% (2534/7677)
2026-10-02T02:56:24.8130265Z Updating files:  34% (2611/7677)
2026-10-02T02:56:24.8196108Z Updating files:  35% (2687/7677)
2026-10-02T02:56:24.8241987Z Updating files:  36% (2764/7677)
2026-10-02T02:56:24.8516054Z Updating files:  37% (2841/7677)
2026-10-02T02:56:24.8585703Z Updating files:  38% (2918/7677)
2026-10-02T02:56:24.8688088Z Updating files:  39% (2995/7677)
2026-10-02T02:56:24.8740731Z Updating files:  40% (3071/7677)
2026-10-02T02:56:24.8794009Z Updating files:  41% (3148/7677)
2026-10-02T02:56:24.8847441Z Updating files:  42% (3225/7677)
2026-10-02T02:56:24.8922623Z Updating files:  43% (3302/7677)
2026-10-02T02:56:24.8945068Z Updating files:  44% (3378/7677)
2026-10-02T02:56:24.9070656Z Updating files:  45% (3455/7677)
2026-10-02T02:56:24.9255131Z Updating files:  46% (3532/7677)
2026-10-02T02:56:24.9808077Z Updating files:  47% (3609/7677)
2026-10-02T02:56:25.0094043Z Updating files:  48% (3685/7677)
2026-10-02T02:56:25.0326651Z Updating files:  49% (3762/7677)
2026-10-02T02:56:25.0695650Z Updating files:  50% (3839/7677)
2026-10-02T02:56:25.0829114Z Updating files:  51% (3916/7677)
2026-10-02T02:56:25.1063003Z Updating files:  52% (3993/7677)
2026-10-02T02:56:25.1112494Z Updating files:  53% (4069/7677)
2026-10-02T02:56:25.1342291Z Updating files:  54% (4146/7677)
2026-10-02T02:56:25.1410736Z Updating files:  55% (4223/7677)
2026-10-02T02:56:25.3033846Z Updating files:  56% (4300/7677)
2026-10-02T02:56:25.4325841Z Updating files:  57% (4376/7677)
2026-10-02T02:56:25.4380668Z Updating files:  58% (4453/7677)
2026-10-02T02:56:25.4489677Z Updating files:  59% (4530/7677)
2026-10-02T02:56:25.4576133Z Updating files:  60% (4607/7677)
2026-10-02T02:56:25.4689729Z Updating files:  61% (4683/7677)
2026-10-02T02:56:25.4859233Z Updating files:  62% (4760/7677)
2026-10-02T02:56:25.4991831Z Updating files:  63% (4837/7677)
2026-10-02T02:56:25.5019256Z Updating files:  64% (4914/7677)
2026-10-02T02:56:25.5079447Z Updating files:  65% (4991/7677)
2026-10-02T02:56:25.5159887Z Updating files:  66% (5067/7677)
2026-10-02T02:56:25.5351616Z Updating files:  67% (5144/7677)
2026-10-02T02:56:25.5527093Z Updating files:  68% (5221/7677)
2026-10-02T02:56:25.6302466Z Updating files:  69% (5298/7677)
2026-10-02T02:56:25.7014470Z Updating files:  70% (5374/7677)
2026-10-02T02:56:25.7323938Z Updating files:  70% (5393/7677)
2026-10-02T02:56:25.7900657Z Updating files:  71% (5451/7677)
2026-10-02T02:56:25.8376044Z Updating files:  72% (5528/7677)
2026-10-02T02:56:25.8432353Z Updating files:  73% (5605/7677)
2026-10-02T02:56:25.8561785Z Updating files:  74% (5681/7677)
2026-10-02T02:56:25.8745233Z Updating files:  75% (5758/7677)
2026-10-02T02:56:25.8935613Z Updating files:  76% (5835/7677)
2026-10-02T02:56:25.9310519Z Updating files:  77% (5912/7677)
2026-10-02T02:56:25.9346544Z Updating files:  78% (5989/7677)
2026-10-02T02:56:25.9378893Z Updating files:  79% (6065/7677)
2026-10-02T02:56:25.9684523Z Updating files:  80% (6142/7677)
2026-10-02T02:56:26.0060025Z Updating files:  81% (6219/7677)
2026-10-02T02:56:26.0509332Z Updating files:  82% (6296/7677)
2026-10-02T02:56:26.0899044Z Updating files:  83% (6372/7677)
2026-10-02T02:56:26.1071077Z Updating files:  84% (6449/7677)
2026-10-02T02:56:26.1181593Z Updating files:  85% (6526/7677)
2026-10-02T02:56:26.1227909Z Updating files:  86% (6603/7677)
2026-10-02T02:56:26.1355333Z Updating files:  87% (6679/7677)
2026-10-02T02:56:26.1541758Z Updating files:  88% (6756/7677)
2026-10-02T02:56:26.1854036Z Updating files:  89% (6833/7677)
2026-10-02T02:56:26.2184948Z Updating files:  90% (6910/7677)
2026-10-02T02:56:26.2235222Z Updating files:  91% (6987/7677)
2026-10-02T02:56:26.2302641Z Updating files:  92% (7063/7677)
2026-10-02T02:56:26.2352113Z Updating files:  93% (7140/7677)
2026-10-02T02:56:26.2422824Z Updating files:  94% (7217/7677)
2026-10-02T02:56:26.2488861Z Updating files:  95% (7294/7677)
2026-10-02T02:56:26.2555347Z Updating files:  96% (7370/7677)
2026-10-02T02:56:26.2643141Z Updating files:  97% (7447/7677)
2026-10-02T02:56:26.2718210Z Updating files:  98% (7524/7677)
2026-10-02T02:56:26.2797293Z Updating files:  99% (7601/7677)
2026-10-02T02:56:26.2797780Z Updating files: 100% (7677/7677)
2026-10-02T02:56:26.2798138Z Updating files: 100% (7677/7677), done.
2026-10-02T02:56:26.2854090Z Note: switching to 'refs/remotes/pull/26/merge'.
2026-10-02T02:56:26.2854577Z 
2026-10-02T02:56:26.2854931Z You are in 'detached HEAD' state. You can look around, make experimental
2026-10-02T02:56:26.2855677Z changes and commit them, and you can discard any commits you make in this
2026-10-02T02:56:26.2856184Z state without impacting any branches by switching back to a branch.
2026-10-02T02:56:26.2856462Z 
2026-10-02T02:56:26.2856682Z If you want to create a new branch to retain commits you create, you may
2026-10-02T02:56:26.2857180Z do so (now or later) by using -c with the switch command. Example:
2026-10-02T02:56:26.2857511Z 
2026-10-02T02:56:26.2857642Z   git switch -c <new-branch-name>
2026-10-02T02:56:26.2857897Z 
2026-10-02T02:56:26.2858029Z Or undo this operation with:
2026-10-02T02:56:26.2858234Z 
2026-10-02T02:56:26.2858410Z   git switch -
2026-10-02T02:56:26.2858552Z 
2026-10-02T02:56:26.2858964Z Turn off this advice by setting config variable advice.detachedHead to false
2026-10-02T02:56:26.2859287Z 
2026-10-02T02:56:26.2859850Z HEAD is now at 13ae398 Merge 3165be48ea08eacf52a1c6f81c060e5a486df658 into 65fad7e900faa1a88204ae87948c8a8ec69e94d5
2026-10-02T02:56:26.2949985Z ##[endgroup]
2026-10-02T02:56:26.2952442Z [command]/usr/bin/git log -1 --format=%H
2026-10-02T02:56:26.2972421Z 13ae39881fb43365e3dbb80ebb9a3567be611487
2026-10-02T02:56:26.3179038Z ##[group]Run actions/setup-python@v5
2026-10-02T02:56:26.3179330Z with:
2026-10-02T02:56:26.3179572Z   python-version: 3.11
2026-10-02T02:56:26.3179822Z   check-latest: false
2026-10-02T02:56:26.3181416Z   token: ***
2026-10-02T02:56:26.3181659Z   update-environment: true
2026-10-02T02:56:26.3181916Z   allow-prereleases: false
2026-10-02T02:56:26.3182147Z   freethreaded: false
2026-10-02T02:56:26.3182373Z ##[endgroup]
2026-10-02T02:56:26.4146788Z ##[group]Installed versions
2026-10-02T02:56:26.4779386Z (node:2109) [DEP0040] DeprecationWarning: The `punycode` module is deprecated. Please use a userland alternative instead.
2026-10-02T02:56:26.4780078Z Successfully set up CPython (3.11.16)
2026-10-02T02:56:26.4780923Z ##[endgroup]
2026-10-02T02:56:26.4812004Z (Use `node --trace-deprecation ...` to show where the warning was created)
2026-10-02T02:56:26.4954229Z ##[group]Run pip install -e ".[dev]"
2026-10-02T02:56:26.4954677Z [36;1mpip install -e ".[dev]"[0m
2026-10-02T02:56:26.5175798Z shell: /usr/bin/bash -e {0}
2026-10-02T02:56:26.5176115Z env:
2026-10-02T02:56:26.5176450Z   pythonLocation: /opt/hostedtoolcache/Python/3.11.16/x64
2026-10-02T02:56:26.5176878Z   PKG_CONFIG_PATH: /opt/hostedtoolcache/Python/3.11.16/x64/lib/pkgconfig
2026-10-02T02:56:26.5177330Z   Python_ROOT_DIR: /opt/hostedtoolcache/Python/3.11.16/x64
2026-10-02T02:56:26.5177707Z   Python2_ROOT_DIR: /opt/hostedtoolcache/Python/3.11.16/x64
2026-10-02T02:56:26.5178058Z   Python3_ROOT_DIR: /opt/hostedtoolcache/Python/3.11.16/x64
2026-10-02T02:56:26.5178413Z   LD_LIBRARY_PATH: /opt/hostedtoolcache/Python/3.11.16/x64/lib
2026-10-02T02:56:26.5178935Z ##[endgroup]
2026-10-02T02:56:32.6813464Z Obtaining file:///home/runner/work/Seti/Seti
2026-10-02T02:56:32.6827500Z   Installing build dependencies: started
2026-10-02T02:56:34.0566799Z   Installing build dependencies: finished with status 'done'
2026-10-02T02:56:34.0571419Z   Checking if build backend supports build_editable: started
2026-10-02T02:56:34.5169112Z   Checking if build backend supports build_editable: finished with status 'done'
2026-10-02T02:56:34.5174604Z   Getting requirements to build editable: started
2026-10-02T02:56:34.7547604Z   Getting requirements to build editable: finished with status 'done'
2026-10-02T02:56:34.7555129Z   Preparing editable metadata (pyproject.toml): started
2026-10-02T02:56:34.8850376Z   Preparing editable metadata (pyproject.toml): finished with status 'done'
2026-10-02T02:56:35.1108939Z Collecting numpy>=1.24 (from seti-wd==0.1.0)
2026-10-02T02:56:35.1666471Z   Downloading numpy-2.4.6-cp311-cp311-manylinux_2_27_x86_64.manylinux_2_28_x86_64.whl.metadata (6.6 kB)
2026-10-02T02:56:35.2595699Z Collecting scipy>=1.10 (from seti-wd==0.1.0)
2026-10-02T02:56:35.2703220Z   Downloading scipy-1.17.1-cp311-cp311-manylinux_2_27_x86_64.manylinux_2_28_x86_64.whl.metadata (62 kB)
2026-10-02T02:56:35.3762899Z Collecting pandas>=2.0 (from seti-wd==0.1.0)
2026-10-02T02:56:35.3866734Z   Downloading pandas-3.0.6-cp311-cp311-manylinux_2_24_x86_64.manylinux_2_28_x86_64.whl.metadata (79 kB)
2026-10-02T02:56:35.4775872Z Collecting pyarrow>=12.0 (from seti-wd==0.1.0)
2026-10-02T02:56:35.4877598Z   Downloading pyarrow-25.0.1-cp311-cp311-manylinux_2_28_x86_64.whl.metadata (3.0 kB)
2026-10-02T02:56:35.5810413Z Collecting matplotlib>=3.7 (from seti-wd==0.1.0)
2026-10-02T02:56:35.5917618Z   Downloading matplotlib-3.11.2-cp311-cp311-manylinux2014_x86_64.manylinux_2_17_x86_64.whl.metadata (80 kB)
2026-10-02T02:56:35.7565758Z Collecting astropy>=5.3 (from seti-wd==0.1.0)
2026-10-02T02:56:35.7691933Z   Downloading astropy-8.0.1-cp311-abi3-manylinux2014_x86_64.manylinux_2_17_x86_64.manylinux_2_28_x86_64.whl.metadata (11 kB)
2026-10-02T02:56:35.7948662Z Collecting astroquery>=0.4.7 (from seti-wd==0.1.0)
2026-10-02T02:56:35.8048243Z   Downloading astroquery-0.4.11-py3-none-any.whl.metadata (6.5 kB)
2026-10-02T02:56:35.8235247Z Collecting pyvo>=1.4 (from seti-wd==0.1.0)
2026-10-02T02:56:35.8343026Z   Downloading pyvo-1.9.1-py3-none-any.whl.metadata (4.2 kB)
2026-10-02T02:56:35.9402789Z Collecting pyyaml>=6.0 (from seti-wd==0.1.0)
2026-10-02T02:56:35.9502501Z   Downloading pyyaml-6.0.3-cp311-cp311-manylinux2014_x86_64.manylinux_2_17_x86_64.manylinux_2_28_x86_64.whl.metadata (2.4 kB)
2026-10-02T02:56:35.9723053Z Collecting requests>=2.28 (from seti-wd==0.1.0)
2026-10-02T02:56:35.9822337Z   Downloading requests-2.34.2-py3-none-any.whl.metadata (4.8 kB)
2026-10-02T02:56:36.0189437Z Collecting pytest>=7.0 (from seti-wd==0.1.0)
2026-10-02T02:56:36.0289130Z   Downloading pytest-9.1.1-py3-none-any.whl.metadata (7.6 kB)
2026-10-02T02:56:36.0835049Z Collecting pytest-xdist>=3.0 (from seti-wd==0.1.0)
2026-10-02T02:56:36.0935316Z   Downloading pytest_xdist-3.8.0-py3-none-any.whl.metadata (3.0 kB)
2026-10-02T02:56:36.3714204Z Collecting ruff>=0.1 (from seti-wd==0.1.0)
2026-10-02T02:56:36.3819570Z   Downloading ruff-0.16.10-py3-none-manylinux_2_17_x86_64.manylinux2014_x86_64.whl.metadata (20 kB)
2026-10-02T02:56:36.4213992Z Collecting astropy-iers-data>=0.2026.6.22.1.23.34 (from astropy>=5.3->seti-wd==0.1.0)
2026-10-02T02:56:36.4329211Z   Downloading astropy_iers_data-0.2026.9.28.0.59.37-py3-none-any.whl.metadata (3.4 kB)
2026-10-02T02:56:36.4413162Z Collecting packaging>=25.0 (from astropy>=5.3->seti-wd==0.1.0)
2026-10-02T02:56:36.4423895Z   Using cached packaging-26.3-py3-none-any.whl.metadata (3.5 kB)
2026-10-02T02:56:36.4683044Z Collecting pyerfa>=2.0.1.3 (from astropy>=5.3->seti-wd==0.1.0)
2026-10-02T02:56:36.4781490Z   Downloading pyerfa-2.0.1.5-cp39-abi3-manylinux_2_17_x86_64.manylinux2014_x86_64.whl.metadata (5.7 kB)
2026-10-02T02:56:36.5006635Z Collecting beautifulsoup4>=4.8 (from astroquery>=0.4.7->seti-wd==0.1.0)
2026-10-02T02:56:36.5113829Z   Downloading beautifulsoup4-4.15.0-py3-none-any.whl.metadata (3.8 kB)
2026-10-02T02:56:36.5266495Z Collecting html5lib>=0.999 (from astroquery>=0.4.7->seti-wd==0.1.0)
2026-10-02T02:56:36.5364286Z   Downloading html5lib-1.1-py2.py3-none-any.whl.metadata (16 kB)
2026-10-02T02:56:36.5614366Z Collecting keyring>=15.0 (from astroquery>=0.4.7->seti-wd==0.1.0)
2026-10-02T02:56:36.5724661Z   Downloading keyring-25.7.0-py3-none-any.whl.metadata (21 kB)
2026-10-02T02:56:36.6005901Z Collecting soupsieve>=1.6.1 (from beautifulsoup4>=4.8->astroquery>=0.4.7->seti-wd==0.1.0)
2026-10-02T02:56:36.6104441Z   Downloading soupsieve-2.10-py3-none-any.whl.metadata (4.4 kB)
2026-10-02T02:56:36.6284509Z Collecting typing-extensions>=4.0.0 (from beautifulsoup4>=4.8->astroquery>=0.4.7->seti-wd==0.1.0)
2026-10-02T02:56:36.6383415Z   Downloading typing_extensions-4.16.0-py3-none-any.whl.metadata (3.3 kB)
2026-10-02T02:56:36.6572632Z Collecting six>=1.9 (from html5lib>=0.999->astroquery>=0.4.7->seti-wd==0.1.0)
2026-10-02T02:56:36.6671064Z   Downloading six-1.17.0-py2.py3-none-any.whl.metadata (1.7 kB)
2026-10-02T02:56:36.6819213Z Collecting webencodings (from html5lib>=0.999->astroquery>=0.4.7->seti-wd==0.1.0)
2026-10-02T02:56:36.6917571Z   Downloading webencodings-0.6.1-py3-none-any.whl.metadata (3.4 kB)
2026-10-02T02:56:36.7091416Z Collecting SecretStorage>=3.2 (from keyring>=15.0->astroquery>=0.4.7->seti-wd==0.1.0)
2026-10-02T02:56:36.7197319Z   Downloading secretstorage-3.5.0-py3-none-any.whl.metadata (4.0 kB)
2026-10-02T02:56:36.7355230Z Collecting jeepney>=0.4.2 (from keyring>=15.0->astroquery>=0.4.7->seti-wd==0.1.0)
2026-10-02T02:56:36.7455100Z   Downloading jeepney-0.9.0-py3-none-any.whl.metadata (1.2 kB)
2026-10-02T02:56:36.7683057Z Collecting importlib_metadata>=4.11.4 (from keyring>=15.0->astroquery>=0.4.7->seti-wd==0.1.0)
2026-10-02T02:56:36.7781285Z   Downloading importlib_metadata-9.0.1-py3-none-any.whl.metadata (4.5 kB)
2026-10-02T02:56:36.7948117Z Collecting jaraco.classes (from keyring>=15.0->astroquery>=0.4.7->seti-wd==0.1.0)
2026-10-02T02:56:36.8046103Z   Downloading jaraco.classes-3.4.0-py3-none-any.whl.metadata (2.6 kB)
2026-10-02T02:56:36.8502814Z Collecting jaraco.functools (from keyring>=15.0->astroquery>=0.4.7->seti-wd==0.1.0)
2026-10-02T02:56:36.8601846Z   Downloading jaraco_functools-4.6.0-py3-none-any.whl.metadata (2.9 kB)
2026-10-02T02:56:36.8766889Z Collecting jaraco.context (from keyring>=15.0->astroquery>=0.4.7->seti-wd==0.1.0)
2026-10-02T02:56:36.8866240Z   Downloading jaraco_context-6.1.2-py3-none-any.whl.metadata (4.2 kB)
2026-10-02T02:56:36.9049853Z Collecting zipp>=3.20 (from importlib_metadata>=4.11.4->keyring>=15.0->astroquery>=0.4.7->seti-wd==0.1.0)
2026-10-02T02:56:36.9150236Z   Downloading zipp-4.1.0-py3-none-any.whl.metadata (3.6 kB)
2026-10-02T02:56:36.9990694Z Collecting contourpy>=1.0.1 (from matplotlib>=3.7->seti-wd==0.1.0)
2026-10-02T02:56:37.0092413Z   Downloading contourpy-1.3.3-cp311-cp311-manylinux_2_27_x86_64.manylinux_2_28_x86_64.whl.metadata (5.5 kB)
2026-10-02T02:56:37.0744795Z Collecting cycler>=0.10 (from matplotlib>=3.7->seti-wd==0.1.0)
2026-10-02T02:56:37.0846043Z   Downloading cycler-0.12.1-py3-none-any.whl.metadata (3.8 kB)
2026-10-02T02:56:37.1868211Z Collecting fonttools>=4.28.2 (from matplotlib>=3.7->seti-wd==0.1.0)
2026-10-02T02:56:37.1970008Z   Downloading fonttools-4.66.1-cp311-cp311-manylinux2014_x86_64.manylinux_2_17_x86_64.whl.metadata (130 kB)
2026-10-02T02:56:37.3464855Z Collecting kiwisolver>=1.3.1 (from matplotlib>=3.7->seti-wd==0.1.0)
2026-10-02T02:56:37.3566512Z   Downloading kiwisolver-1.5.1-cp311-cp311-manylinux2014_x86_64.manylinux_2_17_x86_64.whl.metadata (5.2 kB)
2026-10-02T02:56:37.5405486Z Collecting pillow>=9 (from matplotlib>=3.7->seti-wd==0.1.0)
2026-10-02T02:56:37.5509433Z   Downloading pillow-12.3.0-cp311-cp311-manylinux_2_27_x86_64.manylinux_2_28_x86_64.whl.metadata (9.1 kB)
2026-10-02T02:56:37.6502753Z Collecting pyparsing>=3 (from matplotlib>=3.7->seti-wd==0.1.0)
2026-10-02T02:56:37.6609344Z   Downloading pyparsing-3.3.3-py3-none-any.whl.metadata (5.9 kB)
2026-10-02T02:56:37.7399301Z Collecting python-dateutil>=2.7 (from matplotlib>=3.7->seti-wd==0.1.0)
2026-10-02T02:56:37.7502349Z   Downloading python_dateutil-2.9.0.post0-py2.py3-none-any.whl.metadata (8.4 kB)
2026-10-02T02:56:37.8203040Z Collecting iniconfig>=1.0.1 (from pytest>=7.0->seti-wd==0.1.0)
2026-10-02T02:56:37.8302874Z   Downloading iniconfig-2.3.0-py3-none-any.whl.metadata (2.5 kB)
2026-10-02T02:56:37.8467813Z Collecting pluggy<2,>=1.5 (from pytest>=7.0->seti-wd==0.1.0)
2026-10-02T02:56:37.8567457Z   Downloading pluggy-1.6.0-py3-none-any.whl.metadata (4.8 kB)
2026-10-02T02:56:37.9123243Z Collecting pygments>=2.7.2 (from pytest>=7.0->seti-wd==0.1.0)
2026-10-02T02:56:37.9223453Z   Downloading pygments-2.21.0-py3-none-any.whl.metadata (2.5 kB)
2026-10-02T02:56:37.9392516Z Collecting execnet>=2.1 (from pytest-xdist>=3.0->seti-wd==0.1.0)
2026-10-02T02:56:37.9490303Z   Downloading execnet-2.1.2-py3-none-any.whl.metadata (2.9 kB)
2026-10-02T02:56:38.0324469Z Collecting charset_normalizer<4,>=2 (from requests>=2.28->seti-wd==0.1.0)
2026-10-02T02:56:38.0427104Z   Downloading charset_normalizer-3.5.2-cp311-cp311-manylinux2014_x86_64.manylinux_2_17_x86_64.manylinux_2_28_x86_64.whl.metadata (46 kB)
2026-10-02T02:56:38.0613867Z Collecting idna<4,>=2.5 (from requests>=2.28->seti-wd==0.1.0)
2026-10-02T02:56:38.0713052Z   Downloading idna-3.20-py3-none-any.whl.metadata (7.2 kB)
2026-10-02T02:56:38.2882606Z Collecting urllib3<3,>=1.26 (from requests>=2.28->seti-wd==0.1.0)
2026-10-02T02:56:38.2985752Z   Downloading urllib3-2.8.0-py3-none-any.whl.metadata (7.4 kB)
2026-10-02T02:56:38.3188421Z Collecting certifi>=2023.5.7 (from requests>=2.28->seti-wd==0.1.0)
2026-10-02T02:56:38.3289506Z   Downloading certifi-2026.7.22-py3-none-any.whl.metadata (2.5 kB)
2026-10-02T02:56:38.4495712Z Collecting cryptography>=2.0 (from SecretStorage>=3.2->keyring>=15.0->astroquery>=0.4.7->seti-wd==0.1.0)
2026-10-02T02:56:38.4601792Z   Downloading cryptography-50.0.2-cp311-abi3-manylinux_2_34_x86_64.whl.metadata (4.4 kB)
2026-10-02T02:56:38.5606990Z Collecting cffi>=2.0.0 (from cryptography>=2.0->SecretStorage>=3.2->keyring>=15.0->astroquery>=0.4.7->seti-wd==0.1.0)
2026-10-02T02:56:38.5722622Z   Downloading cffi-2.1.1-cp311-cp311-manylinux2014_x86_64.manylinux_2_17_x86_64.whl.metadata (2.5 kB)
2026-10-02T02:56:38.7565746Z Collecting pycparser (from cffi>=2.0.0->cryptography>=2.0->SecretStorage>=3.2->keyring>=15.0->astroquery>=0.4.7->seti-wd==0.1.0)
2026-10-02T02:56:38.7664377Z   Downloading pycparser-3.0-py3-none-any.whl.metadata (8.2 kB)
2026-10-02T02:56:38.7861596Z Collecting more-itertools (from jaraco.classes->keyring>=15.0->astroquery>=0.4.7->seti-wd==0.1.0)
2026-10-02T02:56:38.7960880Z   Downloading more_itertools-11.1.0-py3-none-any.whl.metadata (41 kB)
2026-10-02T02:56:38.8367925Z Collecting backports.tarfile (from jaraco.context->keyring>=15.0->astroquery>=0.4.7->seti-wd==0.1.0)
2026-10-02T02:56:38.8466517Z   Downloading backports.tarfile-1.2.0-py3-none-any.whl.metadata (2.0 kB)
2026-10-02T02:56:38.8621571Z Downloading astropy-8.0.1-cp311-abi3-manylinux2014_x86_64.manylinux_2_17_x86_64.manylinux_2_28_x86_64.whl (10.5 MB)
2026-10-02T02:56:38.9941250Z    ━━━━━━━━━━━━━━━━━━━━━━━━━━━━━━━━━━━━━━━━ 10.5/10.5 MB 84.4 MB/s  0:00:00
2026-10-02T02:56:39.0044441Z Downloading astropy_iers_data-0.2026.9.28.0.59.37-py3-none-any.whl (2.0 MB)
2026-10-02T02:56:39.2279463Z    ━━━━━━━━━━━━━━━━━━━━━━━━━━━━━━━━━━━━━━━━ 2.0/2.0 MB 7.9 MB/s  0:00:00
2026-10-02T02:56:39.2414026Z Downloading astroquery-0.4.11-py3-none-any.whl (11.1 MB)
2026-10-02T02:56:39.3257992Z    ━━━━━━━━━━━━━━━━━━━━━━━━━━━━━━━━━━━━━━━━ 11.1/11.1 MB 132.0 MB/s  0:00:00
2026-10-02T02:56:39.3359351Z Downloading beautifulsoup4-4.15.0-py3-none-any.whl (109 kB)
2026-10-02T02:56:39.3479953Z Downloading html5lib-1.1-py2.py3-none-any.whl (112 kB)
2026-10-02T02:56:39.3599932Z Downloading keyring-25.7.0-py3-none-any.whl (39 kB)
2026-10-02T02:56:39.3718453Z Downloading importlib_metadata-9.0.1-py3-none-any.whl (27 kB)
2026-10-02T02:56:39.3851765Z Downloading jeepney-0.9.0-py3-none-any.whl (49 kB)
2026-10-02T02:56:39.3999048Z Downloading matplotlib-3.11.2-cp311-cp311-manylinux2014_x86_64.manylinux_2_17_x86_64.whl (9.9 MB)
2026-10-02T02:56:39.4739044Z    ━━━━━━━━━━━━━━━━━━━━━━━━━━━━━━━━━━━━━━━━ 9.9/9.9 MB 134.1 MB/s  0:00:00
2026-10-02T02:56:39.4845761Z Downloading contourpy-1.3.3-cp311-cp311-manylinux_2_27_x86_64.manylinux_2_28_x86_64.whl (355 kB)
2026-10-02T02:56:39.7136683Z Downloading cycler-0.12.1-py3-none-any.whl (8.3 kB)
2026-10-02T02:56:39.7256309Z Downloading fonttools-4.66.1-cp311-cp311-manylinux2014_x86_64.manylinux_2_17_x86_64.whl (5.4 MB)
2026-10-02T02:56:39.7635441Z    ━━━━━━━━━━━━━━━━━━━━━━━━━━━━━━━━━━━━━━━━ 5.4/5.4 MB 146.2 MB/s  0:00:00
2026-10-02T02:56:39.7742297Z Downloading kiwisolver-1.5.1-cp311-cp311-manylinux2014_x86_64.manylinux_2_17_x86_64.whl (1.4 MB)
2026-10-02T02:56:39.7800908Z    ━━━━━━━━━━━━━━━━━━━━━━━━━━━━━━━━━━━━━━━━ 1.4/1.4 MB 283.1 MB/s  0:00:00
2026-10-02T02:56:39.7902255Z Downloading numpy-2.4.6-cp311-cp311-manylinux_2_27_x86_64.manylinux_2_28_x86_64.whl (16.9 MB)
2026-10-02T02:56:39.9008200Z    ━━━━━━━━━━━━━━━━━━━━━━━━━━━━━━━━━━━━━━━━ 16.9/16.9 MB 153.3 MB/s  0:00:00
2026-10-02T02:56:39.9020854Z Using cached packaging-26.3-py3-none-any.whl (129 kB)
2026-10-02T02:56:39.9124242Z Downloading pandas-3.0.6-cp311-cp311-manylinux_2_24_x86_64.manylinux_2_28_x86_64.whl (11.1 MB)
2026-10-02T02:56:40.2349833Z    ━━━━━━━━━━━━━━━━━━━━━━━━━━━━━━━━━━━━━━━━ 11.1/11.1 MB 33.9 MB/s  0:00:00
2026-10-02T02:56:40.2469518Z Downloading pillow-12.3.0-cp311-cp311-manylinux_2_27_x86_64.manylinux_2_28_x86_64.whl (6.9 MB)
2026-10-02T02:56:40.4495275Z    ━━━━━━━━━━━━━━━━━━━━━━━━━━━━━━━━━━━━━━━━ 6.9/6.9 MB 33.7 MB/s  0:00:00
2026-10-02T02:56:40.4600470Z Downloading pyarrow-25.0.1-cp311-cp311-manylinux_2_28_x86_64.whl (50.1 MB)
2026-10-02T02:56:40.7775787Z    ━━━━━━━━━━━━━━━━━━━━━━━━━━━━━━━━━━━━━━━━ 50.1/50.1 MB 158.1 MB/s  0:00:00
2026-10-02T02:56:40.7878968Z Downloading pyerfa-2.0.1.5-cp39-abi3-manylinux_2_17_x86_64.manylinux2014_x86_64.whl (738 kB)
2026-10-02T02:56:40.8931379Z    ━━━━━━━━━━━━━━━━━━━━━━━━━━━━━━━━━━━━━━━━ 738.7/738.7 kB 4.6 MB/s  0:00:00
2026-10-02T02:56:40.9035304Z Downloading pyparsing-3.3.3-py3-none-any.whl (126 kB)
2026-10-02T02:56:40.9157897Z Downloading pytest-9.1.1-py3-none-any.whl (386 kB)
2026-10-02T02:56:40.9281512Z Downloading pluggy-1.6.0-py3-none-any.whl (20 kB)
2026-10-02T02:56:40.9401043Z Downloading iniconfig-2.3.0-py3-none-any.whl (7.5 kB)
2026-10-02T02:56:40.9516205Z Downloading pygments-2.21.0-py3-none-any.whl (1.3 MB)
2026-10-02T02:56:40.9573231Z    ━━━━━━━━━━━━━━━━━━━━━━━━━━━━━━━━━━━━━━━━ 1.3/1.3 MB 255.5 MB/s  0:00:00
2026-10-02T02:56:40.9671272Z Downloading pytest_xdist-3.8.0-py3-none-any.whl (46 kB)
2026-10-02T02:56:40.9786864Z Downloading execnet-2.1.2-py3-none-any.whl (40 kB)
2026-10-02T02:56:40.9901370Z Downloading python_dateutil-2.9.0.post0-py2.py3-none-any.whl (229 kB)
2026-10-02T02:56:41.0944229Z Downloading pyvo-1.9.1-py3-none-any.whl (1.2 MB)
2026-10-02T02:56:41.1003923Z    ━━━━━━━━━━━━━━━━━━━━━━━━━━━━━━━━━━━━━━━━ 1.2/1.2 MB 210.6 MB/s  0:00:00
2026-10-02T02:56:41.1105788Z Downloading pyyaml-6.0.3-cp311-cp311-manylinux2014_x86_64.manylinux_2_17_x86_64.manylinux_2_28_x86_64.whl (806 kB)
2026-10-02T02:56:41.1150377Z    ━━━━━━━━━━━━━━━━━━━━━━━━━━━━━━━━━━━━━━━━ 806.6/806.6 kB 187.5 MB/s  0:00:00
2026-10-02T02:56:41.1250982Z Downloading requests-2.34.2-py3-none-any.whl (73 kB)
2026-10-02T02:56:41.1367405Z Downloading charset_normalizer-3.5.2-cp311-cp311-manylinux2014_x86_64.manylinux_2_17_x86_64.manylinux_2_28_x86_64.whl (269 kB)
2026-10-02T02:56:41.1485817Z Downloading idna-3.20-py3-none-any.whl (69 kB)
2026-10-02T02:56:41.1601798Z Downloading urllib3-2.8.0-py3-none-any.whl (135 kB)
2026-10-02T02:56:41.1720504Z Downloading certifi-2026.7.22-py3-none-any.whl (136 kB)
2026-10-02T02:56:41.1840753Z Downloading ruff-0.16.10-py3-none-manylinux_2_17_x86_64.manylinux2014_x86_64.whl (10.4 MB)
2026-10-02T02:56:41.2444753Z    ━━━━━━━━━━━━━━━━━━━━━━━━━━━━━━━━━━━━━━━━ 10.4/10.4 MB 173.0 MB/s  0:00:00
2026-10-02T02:56:41.2549277Z Downloading scipy-1.17.1-cp311-cp311-manylinux_2_27_x86_64.manylinux_2_28_x86_64.whl (35.3 MB)
2026-10-02T02:56:41.4827478Z    ━━━━━━━━━━━━━━━━━━━━━━━━━━━━━━━━━━━━━━━━ 35.3/35.3 MB 155.6 MB/s  0:00:00
2026-10-02T02:56:41.4935082Z Downloading secretstorage-3.5.0-py3-none-any.whl (15 kB)
2026-10-02T02:56:41.5151655Z Downloading cryptography-50.0.2-cp311-abi3-manylinux_2_34_x86_64.whl (4.8 MB)
2026-10-02T02:56:41.5431077Z    ━━━━━━━━━━━━━━━━━━━━━━━━━━━━━━━━━━━━━━━━ 4.8/4.8 MB 171.5 MB/s  0:00:00
2026-10-02T02:56:41.5568107Z Downloading cffi-2.1.1-cp311-cp311-manylinux2014_x86_64.manylinux_2_17_x86_64.whl (217 kB)
2026-10-02T02:56:41.5692549Z Downloading six-1.17.0-py2.py3-none-any.whl (11 kB)
2026-10-02T02:56:41.5806736Z Downloading soupsieve-2.10-py3-none-any.whl (38 kB)
2026-10-02T02:56:41.6066065Z Downloading typing_extensions-4.16.0-py3-none-any.whl (45 kB)
2026-10-02T02:56:41.6185667Z Downloading zipp-4.1.0-py3-none-any.whl (10 kB)
2026-10-02T02:56:41.6300617Z Downloading jaraco.classes-3.4.0-py3-none-any.whl (6.8 kB)
2026-10-02T02:56:41.6412799Z Downloading jaraco_context-6.1.2-py3-none-any.whl (7.9 kB)
2026-10-02T02:56:41.6531316Z Downloading backports.tarfile-1.2.0-py3-none-any.whl (30 kB)
2026-10-02T02:56:41.6643885Z Downloading jaraco_functools-4.6.0-py3-none-any.whl (11 kB)
2026-10-02T02:56:41.6757493Z Downloading more_itertools-11.1.0-py3-none-any.whl (72 kB)
2026-10-02T02:56:41.6874348Z Downloading pycparser-3.0-py3-none-any.whl (48 kB)
2026-10-02T02:56:41.6987171Z Downloading webencodings-0.6.1-py3-none-any.whl (8.7 kB)
2026-10-02T02:56:41.9341065Z Building wheels for collected packages: seti-wd
2026-10-02T02:56:41.9346485Z   Building editable for seti-wd (pyproject.toml): started
2026-10-02T02:56:42.0974651Z   Building editable for seti-wd (pyproject.toml): finished with status 'done'
2026-10-02T02:56:42.0979587Z   Created wheel for seti-wd: filename=seti_wd-0.1.0-0.editable-py3-none-any.whl size=9654 sha256=71f8ae17f071804e6a778c453be05631742ab855ced685581846f7f5ad65ea8d
2026-10-02T02:56:42.0981157Z   Stored in directory: /tmp/pip-ephem-wheel-cache-s3czyl6y/wheels/2c/4b/14/996965e1573649f221f467c671c7f655a43c7d569030254f06
2026-10-02T02:56:42.0997917Z Successfully built seti-wd
2026-10-02T02:56:42.1930403Z Installing collected packages: zipp, webencodings, urllib3, typing-extensions, soupsieve, six, ruff, pyyaml, pyparsing, pygments, pycparser, pyarrow, pluggy, pillow, packaging, numpy, more-itertools, kiwisolver, jeepney, iniconfig, idna, fonttools, execnet, cycler, charset_normalizer, certifi, backports.tarfile, astropy-iers-data, scipy, requests, python-dateutil, pytest, pyerfa, jaraco.functools, jaraco.context, jaraco.classes, importlib_metadata, html5lib, contourpy, cffi, beautifulsoup4, pytest-xdist, pandas, matplotlib, cryptography, astropy, SecretStorage, pyvo, keyring, astroquery, seti-wd
2026-10-02T02:56:58.6777546Z 
2026-10-02T02:56:58.6794899Z Successfully installed SecretStorage-3.5.0 astropy-8.0.1 astropy-iers-data-0.2026.9.28.0.59.37 astroquery-0.4.11 backports.tarfile-1.2.0 beautifulsoup4-4.15.0 certifi-2026.7.22 cffi-2.1.1 charset_normalizer-3.5.2 contourpy-1.3.3 cryptography-50.0.2 cycler-0.12.1 execnet-2.1.2 fonttools-4.66.1 html5lib-1.1 idna-3.20 importlib_metadata-9.0.1 iniconfig-2.3.0 jaraco.classes-3.4.0 jaraco.context-6.1.2 jaraco.functools-4.6.0 jeepney-0.9.0 keyring-25.7.0 kiwisolver-1.5.1 matplotlib-3.11.2 more-itertools-11.1.0 numpy-2.4.6 packaging-26.3 pandas-3.0.6 pillow-12.3.0 pluggy-1.6.0 pyarrow-25.0.1 pycparser-3.0 pyerfa-2.0.1.5 pygments-2.21.0 pyparsing-3.3.3 pytest-9.1.1 pytest-xdist-3.8.0 python-dateutil-2.9.0.post0 pyvo-1.9.1 pyyaml-6.0.3 requests-2.34.2 ruff-0.16.10 scipy-1.17.1 seti-wd-0.1.0 six-1.17.0 soupsieve-2.10 typing-extensions-4.16.0 urllib3-2.8.0 webencodings-0.6.1 zipp-4.1.0
2026-10-02T02:56:59.0363548Z ##[group]Run ruff check tests/test_parallax4.py src/seti/parallax4/cohorts.py src/seti/parallax4/run.py tests/test_parallax4_cohorts.py src/seti/parallax4/deepvet.py src/seti/parallax4/vsx_association.py tests/test_parallax4_ztf_identity.py tests/test_parallax4_ztf_phase.py tests/test_parallax4_vsx_association.py
2026-10-02T02:56:59.0365111Z [36;1mruff check tests/test_parallax4.py src/seti/parallax4/cohorts.py src/seti/parallax4/run.py tests/test_parallax4_cohorts.py src/seti/parallax4/deepvet.py src/seti/parallax4/vsx_association.py tests/test_parallax4_ztf_identity.py tests/test_parallax4_ztf_phase.py tests/test_parallax4_vsx_association.py[0m
2026-10-02T02:56:59.0402386Z shell: /usr/bin/bash -e {0}
2026-10-02T02:56:59.0402793Z env:
2026-10-02T02:56:59.0403081Z   pythonLocation: /opt/hostedtoolcache/Python/3.11.16/x64
2026-10-02T02:56:59.0403479Z   PKG_CONFIG_PATH: /opt/hostedtoolcache/Python/3.11.16/x64/lib/pkgconfig
2026-10-02T02:56:59.0403952Z   Python_ROOT_DIR: /opt/hostedtoolcache/Python/3.11.16/x64
2026-10-02T02:56:59.0404314Z   Python2_ROOT_DIR: /opt/hostedtoolcache/Python/3.11.16/x64
2026-10-02T02:56:59.0404667Z   Python3_ROOT_DIR: /opt/hostedtoolcache/Python/3.11.16/x64
2026-10-02T02:56:59.0405035Z   LD_LIBRARY_PATH: /opt/hostedtoolcache/Python/3.11.16/x64/lib
2026-10-02T02:56:59.0405356Z ##[endgroup]
2026-10-02T02:56:59.0564479Z All checks passed!
2026-10-02T02:56:59.0604224Z ##[group]Run python -m pytest tests/test_parallax4.py tests/test_parallax4_cohorts.py tests/test_parallax4_ztf_identity.py tests/test_parallax4_ztf_phase.py tests/test_parallax4_vsx_association.py -o addopts="" -q -p no:cacheprovider
2026-10-02T02:56:59.0605402Z [36;1mpython -m pytest tests/test_parallax4.py tests/test_parallax4_cohorts.py tests/test_parallax4_ztf_identity.py tests/test_parallax4_ztf_phase.py tests/test_parallax4_vsx_association.py -o addopts="" -q -p no:cacheprovider[0m
2026-10-02T02:56:59.0637382Z shell: /usr/bin/bash -e {0}
2026-10-02T02:56:59.0637684Z env:
2026-10-02T02:56:59.0637975Z   pythonLocation: /opt/hostedtoolcache/Python/3.11.16/x64
2026-10-02T02:56:59.0638349Z   PKG_CONFIG_PATH: /opt/hostedtoolcache/Python/3.11.16/x64/lib/pkgconfig
2026-10-02T02:56:59.0638838Z   Python_ROOT_DIR: /opt/hostedtoolcache/Python/3.11.16/x64
2026-10-02T02:56:59.0639204Z   Python2_ROOT_DIR: /opt/hostedtoolcache/Python/3.11.16/x64
2026-10-02T02:56:59.0639654Z   Python3_ROOT_DIR: /opt/hostedtoolcache/Python/3.11.16/x64
2026-10-02T02:56:59.0639990Z   LD_LIBRARY_PATH: /opt/hostedtoolcache/Python/3.11.16/x64/lib
2026-10-02T02:56:59.0640320Z ##[endgroup]
2026-10-02T02:57:20.1273162Z ........................................................................ [ 27%]
2026-10-02T02:57:32.2361124Z ........................................................................ [ 54%]
2026-10-02T02:57:32.3180785Z ........................................................................ [ 82%]
2026-10-02T02:57:32.5065354Z ..............................................                           [100%]
2026-10-02T02:57:32.5065972Z 262 passed in 31.57s
2026-10-02T02:57:32.6819398Z Post job cleanup.
2026-10-02T02:57:32.7674627Z (node:2218) [DEP0040] DeprecationWarning: The `punycode` module is deprecated. Please use a userland alternative instead.
2026-10-02T02:57:32.7675354Z (Use `node --trace-deprecation ...` to show where the warning was created)
2026-10-02T02:57:32.7811590Z Post job cleanup.
2026-10-02T02:57:32.8472449Z [command]/usr/bin/git version
2026-10-02T02:57:32.8501748Z git version 2.55.0
2026-10-02T02:57:32.8526355Z Temporarily overriding HOME='/home/runner/work/_temp/89154304-b917-4565-a6a7-8ba0b10292d1' before making global git config changes
2026-10-02T02:57:32.8527562Z Adding repository directory to the temporary git global config as a safe directory
2026-10-02T02:57:32.8530416Z [command]/usr/bin/git config --global --add safe.directory /home/runner/work/Seti/Seti
2026-10-02T02:57:32.8558316Z [command]/usr/bin/git config --local --name-only --get-regexp core\.sshCommand
2026-10-02T02:57:32.8582357Z [command]/usr/bin/git submodule foreach --recursive sh -c "git config --local --name-only --get-regexp 'core\.sshCommand' && git config --local --unset-all 'core.sshCommand' || :"
2026-10-02T02:57:32.8751231Z [command]/usr/bin/git config --local --name-only --get-regexp http\.https\:\/\/github\.com\/\.extraheader
2026-10-02T02:57:32.8771383Z http.https://github.com/.extraheader
2026-10-02T02:57:32.8779661Z [command]/usr/bin/git config --local --unset-all http.https://github.com/.extraheader
2026-10-02T02:57:32.8815215Z [command]/usr/bin/git submodule foreach --recursive sh -c "git config --local --name-only --get-regexp 'http\.https\:\/\/github\.com\/\.extraheader' && git config --local --unset-all 'http.https://github.com/.extraheader' || :"
2026-10-02T02:57:32.8995863Z [command]/usr/bin/git config --local --name-only --get-regexp ^includeIf\.gitdir:
2026-10-02T02:57:32.9022759Z [command]/usr/bin/git submodule foreach --recursive git config --local --show-origin --name-only --get-regexp remote.origin.url
2026-10-02T02:57:32.9323204Z Cleaning up orphan processes
2026-10-02T02:57:32.9511842Z ##[warning]Node.js 20 is deprecated. The following actions target Node.js 20 but are being forced to run on Node.js 24: actions/checkout@v4, actions/setup-python@v5. For more information see: https://github.blog/changelog/2025-09-19-deprecation-of-node-20-on-github-actions-runners/
