2026-10-02T02:48:18.5837561Z Current runner version: '2.337.0'
2026-10-02T02:48:18.5864703Z ##[group]Runner Image Provisioner
2026-10-02T02:48:18.5865637Z Hosted Compute Agent
2026-10-02T02:48:18.5866445Z Version: 20260901.588
2026-10-02T02:48:18.5867182Z Commit: f88ec8081b781fac6c440065ac7ff9e710ce3d0b
2026-10-02T02:48:18.5868138Z Build Date: 2026-09-01T19:56:44Z
2026-10-02T02:48:18.5868959Z Worker ID: {d208a337-1187-4606-bd03-fc6b467a0ec4}
2026-10-02T02:48:18.5869823Z Azure Region: westus
2026-10-02T02:48:18.5870779Z ##[endgroup]
2026-10-02T02:48:18.5872503Z ##[group]Operating System
2026-10-02T02:48:18.5873431Z Ubuntu
2026-10-02T02:48:18.5874075Z 24.04.5
2026-10-02T02:48:18.5874680Z LTS
2026-10-02T02:48:18.5875369Z ##[endgroup]
2026-10-02T02:48:18.5876023Z ##[group]Runner Image
2026-10-02T02:48:18.5876765Z Image: ubuntu-24.04
2026-10-02T02:48:18.5877607Z Version: 20260927.320.1
2026-10-02T02:48:18.5879150Z Included Software: https://github.com/actions/runner-images/blob/ubuntu24/20260927.320/images/ubuntu/Ubuntu2404-Readme.md
2026-10-02T02:48:18.5881488Z Image Release: https://github.com/actions/runner-images/releases/tag/ubuntu24%2F20260927.320
2026-10-02T02:48:18.5882715Z ##[endgroup]
2026-10-02T02:48:18.5884255Z ##[group]GITHUB_TOKEN Permissions
2026-10-02T02:48:18.5886245Z Contents: read
2026-10-02T02:48:18.5887049Z Metadata: read
2026-10-02T02:48:18.5887759Z Packages: read
2026-10-02T02:48:18.5888511Z ##[endgroup]
2026-10-02T02:48:18.5891021Z Secret source: Actions
2026-10-02T02:48:18.5892137Z Cache mode: write
2026-10-02T02:48:18.5892962Z Prepare workflow directory
2026-10-02T02:48:18.6182339Z Prepare all required actions
2026-10-02T02:48:18.6220202Z Getting action download info
2026-10-02T02:48:18.9804816Z Download action repository 'actions/checkout@v4' (SHA:11d5960a326750d5838078e36cf38b85af677262)
2026-10-02T02:48:19.0791443Z Download action repository 'actions/setup-python@v5' (SHA:a26af69be951a213d495a4c3e4e4022e16d87065)
2026-10-02T02:48:19.1813631Z Download action repository 'actions/upload-artifact@v4' (SHA:ea165f8d65b6e75b540449e92b4886f43607fa02)
2026-10-02T02:48:19.4017981Z Complete job name: offline
2026-10-02T02:48:19.4608801Z ##[group]Run actions/checkout@v4
2026-10-02T02:48:19.4609432Z with:
2026-10-02T02:48:19.4609779Z   repository: trimcrae/Seti
2026-10-02T02:48:19.4613030Z   token: ***
2026-10-02T02:48:19.4613380Z   ssh-strict: true
2026-10-02T02:48:19.4613722Z   ssh-user: git
2026-10-02T02:48:19.4614067Z   persist-credentials: true
2026-10-02T02:48:19.4614448Z   clean: true
2026-10-02T02:48:19.4614795Z   sparse-checkout-cone-mode: true
2026-10-02T02:48:19.4615201Z   fetch-depth: 1
2026-10-02T02:48:19.4615529Z   fetch-tags: false
2026-10-02T02:48:19.4615865Z   show-progress: true
2026-10-02T02:48:19.4616210Z   lfs: false
2026-10-02T02:48:19.4616525Z   submodules: false
2026-10-02T02:48:19.4616915Z   set-safe-directory: true
2026-10-02T02:48:19.4617309Z   allow-unsafe-pr-checkout: false
2026-10-02T02:48:19.4617896Z ##[endgroup]
2026-10-02T02:48:19.5422622Z Syncing repository: trimcrae/Seti
2026-10-02T02:48:19.5424587Z ##[group]Getting Git version info
2026-10-02T02:48:19.5425471Z Working directory is '/home/runner/work/Seti/Seti'
2026-10-02T02:48:19.5426687Z [command]/usr/bin/git version
2026-10-02T02:48:19.5434826Z git version 2.55.0
2026-10-02T02:48:19.5450976Z ##[endgroup]
2026-10-02T02:48:19.5462210Z Temporarily overriding HOME='/home/runner/work/_temp/2cea08ec-0d60-4f64-b724-fc17ca9bf020' before making global git config changes
2026-10-02T02:48:19.5464088Z Adding repository directory to the temporary git global config as a safe directory
2026-10-02T02:48:19.5465590Z [command]/usr/bin/git config --global --add safe.directory /home/runner/work/Seti/Seti
2026-10-02T02:48:19.5507156Z Deleting the contents of '/home/runner/work/Seti/Seti'
2026-10-02T02:48:19.5514781Z ##[group]Initializing the repository
2026-10-02T02:48:19.5515408Z [command]/usr/bin/git init /home/runner/work/Seti/Seti
2026-10-02T02:48:19.5621959Z hint: Using 'master' as the name for the initial branch. This default branch name
2026-10-02T02:48:19.5631861Z hint: will change to "main" in Git 3.0. To configure the initial branch name
2026-10-02T02:48:19.5633351Z hint: to use in all of your new repositories, which will suppress this warning,
2026-10-02T02:48:19.5634461Z hint: call:
2026-10-02T02:48:19.5635387Z hint:
2026-10-02T02:48:19.5636219Z hint: 	git config --global init.defaultBranch <name>
2026-10-02T02:48:19.5637190Z hint:
2026-10-02T02:48:19.5637922Z hint: Names commonly chosen instead of 'master' are 'main', 'trunk' and
2026-10-02T02:48:19.5639152Z hint: 'development'. The just-created branch can be renamed via this command:
2026-10-02T02:48:19.5640211Z hint:
2026-10-02T02:48:19.5640741Z hint: 	git branch -m <name>
2026-10-02T02:48:19.5641318Z hint:
2026-10-02T02:48:19.5642078Z hint: Disable this message with "git config set advice.defaultBranchName false"
2026-10-02T02:48:19.5643248Z Initialized empty Git repository in /home/runner/work/Seti/Seti/.git/
2026-10-02T02:48:19.5645144Z [command]/usr/bin/git remote add origin https://github.com/trimcrae/Seti
2026-10-02T02:48:19.5670770Z ##[endgroup]
2026-10-02T02:48:19.5671697Z ##[group]Disabling automatic garbage collection
2026-10-02T02:48:19.5673350Z [command]/usr/bin/git config --local gc.auto 0
2026-10-02T02:48:19.5699802Z ##[endgroup]
2026-10-02T02:48:19.5700779Z ##[group]Setting up auth
2026-10-02T02:48:19.5704373Z [command]/usr/bin/git config --local --name-only --get-regexp core\.sshCommand
2026-10-02T02:48:19.5731804Z [command]/usr/bin/git submodule foreach --recursive sh -c "git config --local --name-only --get-regexp 'core\.sshCommand' && git config --local --unset-all 'core.sshCommand' || :"
2026-10-02T02:48:19.6031129Z [command]/usr/bin/git config --local --name-only --get-regexp http\.https\:\/\/github\.com\/\.extraheader
2026-10-02T02:48:19.6053991Z [command]/usr/bin/git submodule foreach --recursive sh -c "git config --local --name-only --get-regexp 'http\.https\:\/\/github\.com\/\.extraheader' && git config --local --unset-all 'http.https://github.com/.extraheader' || :"
2026-10-02T02:48:19.6265975Z [command]/usr/bin/git config --local --name-only --get-regexp ^includeIf\.gitdir:
2026-10-02T02:48:19.6297788Z [command]/usr/bin/git submodule foreach --recursive git config --local --show-origin --name-only --get-regexp remote.origin.url
2026-10-02T02:48:19.6496200Z [command]/usr/bin/git config --local http.https://github.com/.extraheader AUTHORIZATION: basic ***
2026-10-02T02:48:19.6563132Z ##[endgroup]
2026-10-02T02:48:19.6563766Z ##[group]Fetching the repository
2026-10-02T02:48:19.6573960Z [command]/usr/bin/git -c protocol.version=2 fetch --no-tags --prune --no-recurse-submodules --depth=1 origin +3fa9ebb35945bce7ad2a0b1b6eb93ce1e78174a6:refs/remotes/pull/26/merge
2026-10-02T02:48:43.9725076Z From https://github.com/trimcrae/Seti
2026-10-02T02:48:43.9726117Z  * [new ref]         3fa9ebb35945bce7ad2a0b1b6eb93ce1e78174a6 -> pull/26/merge
2026-10-02T02:48:43.9728291Z ##[endgroup]
2026-10-02T02:48:43.9731101Z ##[group]Determining the checkout info
2026-10-02T02:48:43.9731796Z ##[endgroup]
2026-10-02T02:48:43.9737377Z [command]/usr/bin/git sparse-checkout disable
2026-10-02T02:48:43.9780710Z [command]/usr/bin/git config --local --unset-all extensions.worktreeConfig
2026-10-02T02:48:43.9809505Z ##[group]Checking out the ref
2026-10-02T02:48:43.9813150Z [command]/usr/bin/git checkout --progress --force refs/remotes/pull/26/merge
2026-10-02T02:48:45.1144422Z Updating files:  11% (913/7677)
2026-10-02T02:48:45.1304245Z Updating files:  12% (922/7677)
2026-10-02T02:48:45.1346077Z Updating files:  13% (999/7677)
2026-10-02T02:48:45.1875730Z Updating files:  14% (1075/7677)
2026-10-02T02:48:45.2118172Z Updating files:  15% (1152/7677)
2026-10-02T02:48:45.3016693Z Updating files:  16% (1229/7677)
2026-10-02T02:48:45.3190095Z Updating files:  17% (1306/7677)
2026-10-02T02:48:45.3282537Z Updating files:  18% (1382/7677)
2026-10-02T02:48:45.3573536Z Updating files:  19% (1459/7677)
2026-10-02T02:48:45.3943417Z Updating files:  20% (1536/7677)
2026-10-02T02:48:45.4270012Z Updating files:  21% (1613/7677)
2026-10-02T02:48:45.4606404Z Updating files:  22% (1689/7677)
2026-10-02T02:48:45.4945339Z Updating files:  23% (1766/7677)
2026-10-02T02:48:45.5271068Z Updating files:  24% (1843/7677)
2026-10-02T02:48:45.5621062Z Updating files:  25% (1920/7677)
2026-10-02T02:48:45.5661834Z Updating files:  26% (1997/7677)
2026-10-02T02:48:45.5731698Z Updating files:  27% (2073/7677)
2026-10-02T02:48:45.5882516Z Updating files:  28% (2150/7677)
2026-10-02T02:48:45.7532273Z Updating files:  29% (2227/7677)
2026-10-02T02:48:45.7986713Z Updating files:  30% (2304/7677)
2026-10-02T02:48:45.8199490Z Updating files:  31% (2380/7677)
2026-10-02T02:48:45.8543723Z Updating files:  32% (2457/7677)
2026-10-02T02:48:45.8726048Z Updating files:  33% (2534/7677)
2026-10-02T02:48:45.8810968Z Updating files:  34% (2611/7677)
2026-10-02T02:48:45.8878431Z Updating files:  35% (2687/7677)
2026-10-02T02:48:45.8930619Z Updating files:  36% (2764/7677)
2026-10-02T02:48:45.9178974Z Updating files:  37% (2841/7677)
2026-10-02T02:48:45.9248342Z Updating files:  38% (2918/7677)
2026-10-02T02:48:45.9359073Z Updating files:  39% (2995/7677)
2026-10-02T02:48:45.9414755Z Updating files:  40% (3071/7677)
2026-10-02T02:48:45.9475479Z Updating files:  41% (3148/7677)
2026-10-02T02:48:45.9534818Z Updating files:  42% (3225/7677)
2026-10-02T02:48:45.9611032Z Updating files:  43% (3302/7677)
2026-10-02T02:48:45.9643381Z Updating files:  44% (3378/7677)
2026-10-02T02:48:45.9771958Z Updating files:  45% (3455/7677)
2026-10-02T02:48:45.9889364Z Updating files:  46% (3532/7677)
2026-10-02T02:48:45.9965253Z Updating files:  46% (3575/7677)
2026-10-02T02:48:46.0571460Z Updating files:  47% (3609/7677)
2026-10-02T02:48:46.0833154Z Updating files:  48% (3685/7677)
2026-10-02T02:48:46.1067658Z Updating files:  49% (3762/7677)
2026-10-02T02:48:46.1401278Z Updating files:  50% (3839/7677)
2026-10-02T02:48:46.1531927Z Updating files:  51% (3916/7677)
2026-10-02T02:48:46.1747907Z Updating files:  52% (3993/7677)
2026-10-02T02:48:46.1805083Z Updating files:  53% (4069/7677)
2026-10-02T02:48:46.2031625Z Updating files:  54% (4146/7677)
2026-10-02T02:48:46.2126487Z Updating files:  55% (4223/7677)
2026-10-02T02:48:46.3567780Z Updating files:  56% (4300/7677)
2026-10-02T02:48:46.4704275Z Updating files:  57% (4376/7677)
2026-10-02T02:48:46.4767184Z Updating files:  58% (4453/7677)
2026-10-02T02:48:46.4883482Z Updating files:  59% (4530/7677)
2026-10-02T02:48:46.4979635Z Updating files:  60% (4607/7677)
2026-10-02T02:48:46.5101510Z Updating files:  61% (4683/7677)
2026-10-02T02:48:46.5278930Z Updating files:  62% (4760/7677)
2026-10-02T02:48:46.5409530Z Updating files:  63% (4837/7677)
2026-10-02T02:48:46.5446436Z Updating files:  64% (4914/7677)
2026-10-02T02:48:46.5514501Z Updating files:  65% (4991/7677)
2026-10-02T02:48:46.5602573Z Updating files:  66% (5067/7677)
2026-10-02T02:48:46.5795918Z Updating files:  67% (5144/7677)
2026-10-02T02:48:46.5969172Z Updating files:  68% (5221/7677)
2026-10-02T02:48:46.6657031Z Updating files:  69% (5298/7677)
2026-10-02T02:48:46.7576295Z Updating files:  70% (5374/7677)
2026-10-02T02:48:46.8076005Z Updating files:  71% (5451/7677)
2026-10-02T02:48:46.8537843Z Updating files:  72% (5528/7677)
2026-10-02T02:48:46.8600156Z Updating files:  73% (5605/7677)
2026-10-02T02:48:46.8739360Z Updating files:  74% (5681/7677)
2026-10-02T02:48:46.8916688Z Updating files:  75% (5758/7677)
2026-10-02T02:48:46.9107634Z Updating files:  76% (5835/7677)
2026-10-02T02:48:46.9424344Z Updating files:  77% (5912/7677)
2026-10-02T02:48:46.9466178Z Updating files:  78% (5989/7677)
2026-10-02T02:48:46.9509040Z Updating files:  79% (6065/7677)
2026-10-02T02:48:46.9819777Z Updating files:  80% (6142/7677)
2026-10-02T02:48:46.9932784Z Updating files:  81% (6219/7677)
2026-10-02T02:48:47.0167489Z Updating files:  81% (6223/7677)
2026-10-02T02:48:47.0587906Z Updating files:  82% (6296/7677)
2026-10-02T02:48:47.0952710Z Updating files:  83% (6372/7677)
2026-10-02T02:48:47.1121472Z Updating files:  84% (6449/7677)
2026-10-02T02:48:47.1232691Z Updating files:  85% (6526/7677)
2026-10-02T02:48:47.1287089Z Updating files:  86% (6603/7677)
2026-10-02T02:48:47.1418427Z Updating files:  87% (6679/7677)
2026-10-02T02:48:47.1605558Z Updating files:  88% (6756/7677)
2026-10-02T02:48:47.1917041Z Updating files:  89% (6833/7677)
2026-10-02T02:48:47.2224065Z Updating files:  90% (6910/7677)
2026-10-02T02:48:47.2283656Z Updating files:  91% (6987/7677)
2026-10-02T02:48:47.2361565Z Updating files:  92% (7063/7677)
2026-10-02T02:48:47.2421037Z Updating files:  93% (7140/7677)
2026-10-02T02:48:47.2502446Z Updating files:  94% (7217/7677)
2026-10-02T02:48:47.2578758Z Updating files:  95% (7294/7677)
2026-10-02T02:48:47.2655503Z Updating files:  96% (7370/7677)
2026-10-02T02:48:47.2753579Z Updating files:  97% (7447/7677)
2026-10-02T02:48:47.2838912Z Updating files:  98% (7524/7677)
2026-10-02T02:48:47.2928552Z Updating files:  99% (7601/7677)
2026-10-02T02:48:47.2928877Z Updating files: 100% (7677/7677)
2026-10-02T02:48:47.2929110Z Updating files: 100% (7677/7677), done.
2026-10-02T02:48:47.2984629Z Note: switching to 'refs/remotes/pull/26/merge'.
2026-10-02T02:48:47.2985174Z 
2026-10-02T02:48:47.2985396Z You are in 'detached HEAD' state. You can look around, make experimental
2026-10-02T02:48:47.2985776Z changes and commit them, and you can discard any commits you make in this
2026-10-02T02:48:47.2986138Z state without impacting any branches by switching back to a branch.
2026-10-02T02:48:47.2986344Z 
2026-10-02T02:48:47.2986495Z If you want to create a new branch to retain commits you create, you may
2026-10-02T02:48:47.2986844Z do so (now or later) by using -c with the switch command. Example:
2026-10-02T02:48:47.2987044Z 
2026-10-02T02:48:47.2987134Z   git switch -c <new-branch-name>
2026-10-02T02:48:47.2987277Z 
2026-10-02T02:48:47.2987360Z Or undo this operation with:
2026-10-02T02:48:47.2987493Z 
2026-10-02T02:48:47.2987574Z   git switch -
2026-10-02T02:48:47.2987669Z 
2026-10-02T02:48:47.2987837Z Turn off this advice by setting config variable advice.detachedHead to false
2026-10-02T02:48:47.2988063Z 
2026-10-02T02:48:47.2988607Z HEAD is now at 3fa9ebb Merge 66714e213742b1349cc27a7c81c70a95b0436ab6 into 65fad7e900faa1a88204ae87948c8a8ec69e94d5
2026-10-02T02:48:47.3075529Z ##[endgroup]
2026-10-02T02:48:47.3119659Z [command]/usr/bin/git log -1 --format=%H
2026-10-02T02:48:47.3143849Z 3fa9ebb35945bce7ad2a0b1b6eb93ce1e78174a6
2026-10-02T02:48:47.3360956Z ##[group]Run actions/setup-python@v5
2026-10-02T02:48:47.3361186Z with:
2026-10-02T02:48:47.3361352Z   python-version: 3.11
2026-10-02T02:48:47.3361542Z   check-latest: false
2026-10-02T02:48:47.3363485Z   token: ***
2026-10-02T02:48:47.3363667Z   update-environment: true
2026-10-02T02:48:47.3363865Z   allow-prereleases: false
2026-10-02T02:48:47.3364046Z   freethreaded: false
2026-10-02T02:48:47.3364224Z ##[endgroup]
2026-10-02T02:48:47.4430355Z ##[group]Installed versions
2026-10-02T02:48:47.4495296Z (node:2082) [DEP0040] DeprecationWarning: The `punycode` module is deprecated. Please use a userland alternative instead.
2026-10-02T02:48:47.4496085Z (Use `node --trace-deprecation ...` to show where the warning was created)
2026-10-02T02:48:47.4496643Z Successfully set up CPython (3.11.16)
2026-10-02T02:48:47.4497091Z ##[endgroup]
2026-10-02T02:48:47.4642075Z ##[group]Run python -m pip install --upgrade pip
2026-10-02T02:48:47.4642614Z [36;1mpython -m pip install --upgrade pip[0m
2026-10-02T02:48:47.4643017Z [36;1mpip install -e ".[dev]"[0m
2026-10-02T02:48:47.4972566Z shell: /usr/bin/bash -e {0}
2026-10-02T02:48:47.4972813Z env:
2026-10-02T02:48:47.4973060Z   pythonLocation: /opt/hostedtoolcache/Python/3.11.16/x64
2026-10-02T02:48:47.4973460Z   PKG_CONFIG_PATH: /opt/hostedtoolcache/Python/3.11.16/x64/lib/pkgconfig
2026-10-02T02:48:47.4973820Z   Python_ROOT_DIR: /opt/hostedtoolcache/Python/3.11.16/x64
2026-10-02T02:48:47.4974143Z   Python2_ROOT_DIR: /opt/hostedtoolcache/Python/3.11.16/x64
2026-10-02T02:48:47.4974440Z   Python3_ROOT_DIR: /opt/hostedtoolcache/Python/3.11.16/x64
2026-10-02T02:48:47.4974738Z   LD_LIBRARY_PATH: /opt/hostedtoolcache/Python/3.11.16/x64/lib
2026-10-02T02:48:47.4975223Z ##[endgroup]
2026-10-02T02:48:48.3611743Z Requirement already satisfied: pip in /opt/hostedtoolcache/Python/3.11.16/x64/lib/python3.11/site-packages (26.2.1)
2026-10-02T02:48:49.1707840Z Obtaining file:///home/runner/work/Seti/Seti
2026-10-02T02:48:49.1721074Z   Installing build dependencies: started
2026-10-02T02:48:49.9169749Z   Installing build dependencies: finished with status 'done'
2026-10-02T02:48:49.9175552Z   Checking if build backend supports build_editable: started
2026-10-02T02:48:50.2323070Z   Checking if build backend supports build_editable: finished with status 'done'
2026-10-02T02:48:50.2328854Z   Getting requirements to build editable: started
2026-10-02T02:48:50.4968946Z   Getting requirements to build editable: finished with status 'done'
2026-10-02T02:48:50.4978989Z   Preparing editable metadata (pyproject.toml): started
2026-10-02T02:48:50.6457764Z   Preparing editable metadata (pyproject.toml): finished with status 'done'
2026-10-02T02:48:50.8861534Z Collecting numpy>=1.24 (from seti-wd==0.1.0)
2026-10-02T02:48:50.9597827Z   Downloading numpy-2.4.6-cp311-cp311-manylinux_2_27_x86_64.manylinux_2_28_x86_64.whl.metadata (6.6 kB)
2026-10-02T02:48:51.0551500Z Collecting scipy>=1.10 (from seti-wd==0.1.0)
2026-10-02T02:48:51.0679485Z   Downloading scipy-1.17.1-cp311-cp311-manylinux_2_27_x86_64.manylinux_2_28_x86_64.whl.metadata (62 kB)
2026-10-02T02:48:51.1730657Z Collecting pandas>=2.0 (from seti-wd==0.1.0)
2026-10-02T02:48:51.1856475Z   Downloading pandas-3.0.6-cp311-cp311-manylinux_2_24_x86_64.manylinux_2_28_x86_64.whl.metadata (79 kB)
2026-10-02T02:48:51.2774621Z Collecting pyarrow>=12.0 (from seti-wd==0.1.0)
2026-10-02T02:48:51.2900522Z   Downloading pyarrow-25.0.1-cp311-cp311-manylinux_2_28_x86_64.whl.metadata (3.0 kB)
2026-10-02T02:48:51.3850133Z Collecting matplotlib>=3.7 (from seti-wd==0.1.0)
2026-10-02T02:48:51.3975656Z   Downloading matplotlib-3.11.2-cp311-cp311-manylinux2014_x86_64.manylinux_2_17_x86_64.whl.metadata (80 kB)
2026-10-02T02:48:51.5288601Z Collecting astropy>=5.3 (from seti-wd==0.1.0)
2026-10-02T02:48:51.5432860Z   Downloading astropy-8.0.1-cp311-abi3-manylinux2014_x86_64.manylinux_2_17_x86_64.manylinux_2_28_x86_64.whl.metadata (11 kB)
2026-10-02T02:48:51.6027648Z Collecting astroquery>=0.4.7 (from seti-wd==0.1.0)
2026-10-02T02:48:51.6164630Z   Downloading astroquery-0.4.11-py3-none-any.whl.metadata (6.5 kB)
2026-10-02T02:48:51.6374302Z Collecting pyvo>=1.4 (from seti-wd==0.1.0)
2026-10-02T02:48:51.6502581Z   Downloading pyvo-1.9.1-py3-none-any.whl.metadata (4.2 kB)
2026-10-02T02:48:51.6827079Z Collecting pyyaml>=6.0 (from seti-wd==0.1.0)
2026-10-02T02:48:51.6950495Z   Downloading pyyaml-6.0.3-cp311-cp311-manylinux2014_x86_64.manylinux_2_17_x86_64.manylinux_2_28_x86_64.whl.metadata (2.4 kB)
2026-10-02T02:48:51.7186452Z Collecting requests>=2.28 (from seti-wd==0.1.0)
2026-10-02T02:48:51.7308371Z   Downloading requests-2.34.2-py3-none-any.whl.metadata (4.8 kB)
2026-10-02T02:48:51.7935469Z Collecting pytest>=7.0 (from seti-wd==0.1.0)
2026-10-02T02:48:51.8059068Z   Downloading pytest-9.1.1-py3-none-any.whl.metadata (7.6 kB)
2026-10-02T02:48:51.8263440Z Collecting pytest-xdist>=3.0 (from seti-wd==0.1.0)
2026-10-02T02:48:51.8387042Z   Downloading pytest_xdist-3.8.0-py3-none-any.whl.metadata (3.0 kB)
2026-10-02T02:48:52.0798614Z Collecting ruff>=0.1 (from seti-wd==0.1.0)
2026-10-02T02:48:52.0925222Z   Downloading ruff-0.16.10-py3-none-manylinux_2_17_x86_64.manylinux2014_x86_64.whl.metadata (20 kB)
2026-10-02T02:48:52.1214767Z Collecting astropy-iers-data>=0.2026.6.22.1.23.34 (from astropy>=5.3->seti-wd==0.1.0)
2026-10-02T02:48:52.1340657Z   Downloading astropy_iers_data-0.2026.9.28.0.59.37-py3-none-any.whl.metadata (3.4 kB)
2026-10-02T02:48:52.1423920Z Collecting packaging>=25.0 (from astropy>=5.3->seti-wd==0.1.0)
2026-10-02T02:48:52.1434813Z   Using cached packaging-26.3-py3-none-any.whl.metadata (3.5 kB)
2026-10-02T02:48:52.1679245Z Collecting pyerfa>=2.0.1.3 (from astropy>=5.3->seti-wd==0.1.0)
2026-10-02T02:48:52.1830411Z   Downloading pyerfa-2.0.1.5-cp39-abi3-manylinux_2_17_x86_64.manylinux2014_x86_64.whl.metadata (5.7 kB)
2026-10-02T02:48:52.2076266Z Collecting beautifulsoup4>=4.8 (from astroquery>=0.4.7->seti-wd==0.1.0)
2026-10-02T02:48:52.2201628Z   Downloading beautifulsoup4-4.15.0-py3-none-any.whl.metadata (3.8 kB)
2026-10-02T02:48:52.3300589Z Collecting html5lib>=0.999 (from astroquery>=0.4.7->seti-wd==0.1.0)
2026-10-02T02:48:52.3423948Z   Downloading html5lib-1.1-py2.py3-none-any.whl.metadata (16 kB)
2026-10-02T02:48:52.3712038Z Collecting keyring>=15.0 (from astroquery>=0.4.7->seti-wd==0.1.0)
2026-10-02T02:48:52.3835663Z   Downloading keyring-25.7.0-py3-none-any.whl.metadata (21 kB)
2026-10-02T02:48:52.4097864Z Collecting soupsieve>=1.6.1 (from beautifulsoup4>=4.8->astroquery>=0.4.7->seti-wd==0.1.0)
2026-10-02T02:48:52.4223623Z   Downloading soupsieve-2.10-py3-none-any.whl.metadata (4.4 kB)
2026-10-02T02:48:52.4434034Z Collecting typing-extensions>=4.0.0 (from beautifulsoup4>=4.8->astroquery>=0.4.7->seti-wd==0.1.0)
2026-10-02T02:48:52.4558048Z   Downloading typing_extensions-4.16.0-py3-none-any.whl.metadata (3.3 kB)
2026-10-02T02:48:52.4740643Z Collecting six>=1.9 (from html5lib>=0.999->astroquery>=0.4.7->seti-wd==0.1.0)
2026-10-02T02:48:52.4868617Z   Downloading six-1.17.0-py2.py3-none-any.whl.metadata (1.7 kB)
2026-10-02T02:48:52.6403849Z Collecting webencodings (from html5lib>=0.999->astroquery>=0.4.7->seti-wd==0.1.0)
2026-10-02T02:48:52.6528464Z   Downloading webencodings-0.6.1-py3-none-any.whl.metadata (3.4 kB)
2026-10-02T02:48:52.6709603Z Collecting SecretStorage>=3.2 (from keyring>=15.0->astroquery>=0.4.7->seti-wd==0.1.0)
2026-10-02T02:48:52.6831119Z   Downloading secretstorage-3.5.0-py3-none-any.whl.metadata (4.0 kB)
2026-10-02T02:48:52.7003430Z Collecting jeepney>=0.4.2 (from keyring>=15.0->astroquery>=0.4.7->seti-wd==0.1.0)
2026-10-02T02:48:52.7125349Z   Downloading jeepney-0.9.0-py3-none-any.whl.metadata (1.2 kB)
2026-10-02T02:48:52.8828813Z Collecting importlib_metadata>=4.11.4 (from keyring>=15.0->astroquery>=0.4.7->seti-wd==0.1.0)
2026-10-02T02:48:52.8953263Z   Downloading importlib_metadata-9.0.1-py3-none-any.whl.metadata (4.5 kB)
2026-10-02T02:48:52.9133254Z Collecting jaraco.classes (from keyring>=15.0->astroquery>=0.4.7->seti-wd==0.1.0)
2026-10-02T02:48:52.9256718Z   Downloading jaraco.classes-3.4.0-py3-none-any.whl.metadata (2.6 kB)
2026-10-02T02:48:52.9464263Z Collecting jaraco.functools (from keyring>=15.0->astroquery>=0.4.7->seti-wd==0.1.0)
2026-10-02T02:48:52.9586772Z   Downloading jaraco_functools-4.6.0-py3-none-any.whl.metadata (2.9 kB)
2026-10-02T02:48:53.1175023Z Collecting jaraco.context (from keyring>=15.0->astroquery>=0.4.7->seti-wd==0.1.0)
2026-10-02T02:48:53.1299420Z   Downloading jaraco_context-6.1.2-py3-none-any.whl.metadata (4.2 kB)
2026-10-02T02:48:53.1510436Z Collecting zipp>=3.20 (from importlib_metadata>=4.11.4->keyring>=15.0->astroquery>=0.4.7->seti-wd==0.1.0)
2026-10-02T02:48:53.1631843Z   Downloading zipp-4.1.0-py3-none-any.whl.metadata (3.6 kB)
2026-10-02T02:48:53.2329693Z Collecting contourpy>=1.0.1 (from matplotlib>=3.7->seti-wd==0.1.0)
2026-10-02T02:48:53.2459402Z   Downloading contourpy-1.3.3-cp311-cp311-manylinux_2_27_x86_64.manylinux_2_28_x86_64.whl.metadata (5.5 kB)
2026-10-02T02:48:53.2638668Z Collecting cycler>=0.10 (from matplotlib>=3.7->seti-wd==0.1.0)
2026-10-02T02:48:53.2761988Z   Downloading cycler-0.12.1-py3-none-any.whl.metadata (3.8 kB)
2026-10-02T02:48:53.3829454Z Collecting fonttools>=4.28.2 (from matplotlib>=3.7->seti-wd==0.1.0)
2026-10-02T02:48:53.3956191Z   Downloading fonttools-4.66.1-cp311-cp311-manylinux2014_x86_64.manylinux_2_17_x86_64.whl.metadata (130 kB)
2026-10-02T02:48:53.4583921Z Collecting kiwisolver>=1.3.1 (from matplotlib>=3.7->seti-wd==0.1.0)
2026-10-02T02:48:53.4707660Z   Downloading kiwisolver-1.5.1-cp311-cp311-manylinux2014_x86_64.manylinux_2_17_x86_64.whl.metadata (5.2 kB)
2026-10-02T02:48:53.5920610Z Collecting pillow>=9 (from matplotlib>=3.7->seti-wd==0.1.0)
2026-10-02T02:48:53.6044934Z   Downloading pillow-12.3.0-cp311-cp311-manylinux_2_27_x86_64.manylinux_2_28_x86_64.whl.metadata (9.1 kB)
2026-10-02T02:48:53.6548857Z Collecting pyparsing>=3 (from matplotlib>=3.7->seti-wd==0.1.0)
2026-10-02T02:48:53.6669521Z   Downloading pyparsing-3.3.3-py3-none-any.whl.metadata (5.9 kB)
2026-10-02T02:48:53.6854420Z Collecting python-dateutil>=2.7 (from matplotlib>=3.7->seti-wd==0.1.0)
2026-10-02T02:48:53.6978556Z   Downloading python_dateutil-2.9.0.post0-py2.py3-none-any.whl.metadata (8.4 kB)
2026-10-02T02:48:53.7249162Z Collecting iniconfig>=1.0.1 (from pytest>=7.0->seti-wd==0.1.0)
2026-10-02T02:48:53.7373939Z   Downloading iniconfig-2.3.0-py3-none-any.whl.metadata (2.5 kB)
2026-10-02T02:48:53.7553384Z Collecting pluggy<2,>=1.5 (from pytest>=7.0->seti-wd==0.1.0)
2026-10-02T02:48:53.7678413Z   Downloading pluggy-1.6.0-py3-none-any.whl.metadata (4.8 kB)
2026-10-02T02:48:53.8096600Z Collecting pygments>=2.7.2 (from pytest>=7.0->seti-wd==0.1.0)
2026-10-02T02:48:53.8224305Z   Downloading pygments-2.21.0-py3-none-any.whl.metadata (2.5 kB)
2026-10-02T02:48:53.8422859Z Collecting execnet>=2.1 (from pytest-xdist>=3.0->seti-wd==0.1.0)
2026-10-02T02:48:53.8549746Z   Downloading execnet-2.1.2-py3-none-any.whl.metadata (2.9 kB)
2026-10-02T02:48:53.9491324Z Collecting charset_normalizer<4,>=2 (from requests>=2.28->seti-wd==0.1.0)
2026-10-02T02:48:53.9615818Z   Downloading charset_normalizer-3.5.2-cp311-cp311-manylinux2014_x86_64.manylinux_2_17_x86_64.manylinux_2_28_x86_64.whl.metadata (46 kB)
2026-10-02T02:48:53.9821336Z Collecting idna<4,>=2.5 (from requests>=2.28->seti-wd==0.1.0)
2026-10-02T02:48:53.9942783Z   Downloading idna-3.20-py3-none-any.whl.metadata (7.2 kB)
2026-10-02T02:48:54.0217062Z Collecting urllib3<3,>=1.26 (from requests>=2.28->seti-wd==0.1.0)
2026-10-02T02:48:54.0342232Z   Downloading urllib3-2.8.0-py3-none-any.whl.metadata (7.4 kB)
2026-10-02T02:48:54.0762963Z Collecting certifi>=2023.5.7 (from requests>=2.28->seti-wd==0.1.0)
2026-10-02T02:48:54.0884477Z   Downloading certifi-2026.7.22-py3-none-any.whl.metadata (2.5 kB)
2026-10-02T02:48:54.2853302Z Collecting cryptography>=2.0 (from SecretStorage>=3.2->keyring>=15.0->astroquery>=0.4.7->seti-wd==0.1.0)
2026-10-02T02:48:54.2978416Z   Downloading cryptography-50.0.2-cp311-abi3-manylinux_2_34_x86_64.whl.metadata (4.4 kB)
2026-10-02T02:48:54.4081784Z Collecting cffi>=2.0.0 (from cryptography>=2.0->SecretStorage>=3.2->keyring>=15.0->astroquery>=0.4.7->seti-wd==0.1.0)
2026-10-02T02:48:54.4208151Z   Downloading cffi-2.1.1-cp311-cp311-manylinux2014_x86_64.manylinux_2_17_x86_64.whl.metadata (2.5 kB)
2026-10-02T02:48:54.4406051Z Collecting pycparser (from cffi>=2.0.0->cryptography>=2.0->SecretStorage>=3.2->keyring>=15.0->astroquery>=0.4.7->seti-wd==0.1.0)
2026-10-02T02:48:54.4533629Z   Downloading pycparser-3.0-py3-none-any.whl.metadata (8.2 kB)
2026-10-02T02:48:54.4753631Z Collecting more-itertools (from jaraco.classes->keyring>=15.0->astroquery>=0.4.7->seti-wd==0.1.0)
2026-10-02T02:48:54.4878556Z   Downloading more_itertools-11.1.0-py3-none-any.whl.metadata (41 kB)
2026-10-02T02:48:54.5054136Z Collecting backports.tarfile (from jaraco.context->keyring>=15.0->astroquery>=0.4.7->seti-wd==0.1.0)
2026-10-02T02:48:54.5177068Z   Downloading backports.tarfile-1.2.0-py3-none-any.whl.metadata (2.0 kB)
2026-10-02T02:48:54.5507183Z Downloading astropy-8.0.1-cp311-abi3-manylinux2014_x86_64.manylinux_2_17_x86_64.manylinux_2_28_x86_64.whl (10.5 MB)
2026-10-02T02:48:54.7051821Z    ━━━━━━━━━━━━━━━━━━━━━━━━━━━━━━━━━━━━━━━━ 10.5/10.5 MB 72.0 MB/s  0:00:00
2026-10-02T02:48:54.7194056Z Downloading astropy_iers_data-0.2026.9.28.0.59.37-py3-none-any.whl (2.0 MB)
2026-10-02T02:48:54.7335269Z    ━━━━━━━━━━━━━━━━━━━━━━━━━━━━━━━━━━━━━━━━ 2.0/2.0 MB 140.4 MB/s  0:00:00
2026-10-02T02:48:54.7480827Z Downloading astroquery-0.4.11-py3-none-any.whl (11.1 MB)
2026-10-02T02:48:54.9410738Z    ━━━━━━━━━━━━━━━━━━━━━━━━━━━━━━━━━━━━━━━━ 11.1/11.1 MB 57.0 MB/s  0:00:00
2026-10-02T02:48:54.9537099Z Downloading beautifulsoup4-4.15.0-py3-none-any.whl (109 kB)
2026-10-02T02:48:54.9677432Z Downloading html5lib-1.1-py2.py3-none-any.whl (112 kB)
2026-10-02T02:48:54.9815866Z Downloading keyring-25.7.0-py3-none-any.whl (39 kB)
2026-10-02T02:48:55.0091671Z Downloading importlib_metadata-9.0.1-py3-none-any.whl (27 kB)
2026-10-02T02:48:55.1810095Z Downloading jeepney-0.9.0-py3-none-any.whl (49 kB)
2026-10-02T02:48:55.2650742Z Downloading matplotlib-3.11.2-cp311-cp311-manylinux2014_x86_64.manylinux_2_17_x86_64.whl (9.9 MB)
2026-10-02T02:48:55.3472379Z    ━━━━━━━━━━━━━━━━━━━━━━━━━━━━━━━━━━━━━━━━ 9.9/9.9 MB 121.3 MB/s  0:00:00
2026-10-02T02:48:55.3600682Z Downloading contourpy-1.3.3-cp311-cp311-manylinux_2_27_x86_64.manylinux_2_28_x86_64.whl (355 kB)
2026-10-02T02:48:55.3744318Z Downloading cycler-0.12.1-py3-none-any.whl (8.3 kB)
2026-10-02T02:48:55.3879318Z Downloading fonttools-4.66.1-cp311-cp311-manylinux2014_x86_64.manylinux_2_17_x86_64.whl (5.4 MB)
2026-10-02T02:48:55.4258204Z    ━━━━━━━━━━━━━━━━━━━━━━━━━━━━━━━━━━━━━━━━ 5.4/5.4 MB 143.9 MB/s  0:00:00
2026-10-02T02:48:55.4386474Z Downloading kiwisolver-1.5.1-cp311-cp311-manylinux2014_x86_64.manylinux_2_17_x86_64.whl (1.4 MB)
2026-10-02T02:48:55.4491886Z    ━━━━━━━━━━━━━━━━━━━━━━━━━━━━━━━━━━━━━━━━ 1.4/1.4 MB 133.5 MB/s  0:00:00
2026-10-02T02:48:55.4617990Z Downloading numpy-2.4.6-cp311-cp311-manylinux_2_27_x86_64.manylinux_2_28_x86_64.whl (16.9 MB)
2026-10-02T02:48:55.5839089Z    ━━━━━━━━━━━━━━━━━━━━━━━━━━━━━━━━━━━━━━━━ 16.9/16.9 MB 138.6 MB/s  0:00:00
2026-10-02T02:48:55.5851622Z Using cached packaging-26.3-py3-none-any.whl (129 kB)
2026-10-02T02:48:55.5976256Z Downloading pandas-3.0.6-cp311-cp311-manylinux_2_24_x86_64.manylinux_2_28_x86_64.whl (11.1 MB)
2026-10-02T02:48:55.7169643Z    ━━━━━━━━━━━━━━━━━━━━━━━━━━━━━━━━━━━━━━━━ 11.1/11.1 MB 92.4 MB/s  0:00:00
2026-10-02T02:48:55.7299334Z Downloading pillow-12.3.0-cp311-cp311-manylinux_2_27_x86_64.manylinux_2_28_x86_64.whl (6.9 MB)
2026-10-02T02:48:55.7784276Z    ━━━━━━━━━━━━━━━━━━━━━━━━━━━━━━━━━━━━━━━━ 6.9/6.9 MB 143.4 MB/s  0:00:00
2026-10-02T02:48:55.7911207Z Downloading pyarrow-25.0.1-cp311-cp311-manylinux_2_28_x86_64.whl (50.1 MB)
2026-10-02T02:48:56.1713257Z    ━━━━━━━━━━━━━━━━━━━━━━━━━━━━━━━━━━━━━━━━ 50.1/50.1 MB 131.9 MB/s  0:00:00
2026-10-02T02:48:56.1848035Z Downloading pyerfa-2.0.1.5-cp39-abi3-manylinux_2_17_x86_64.manylinux2014_x86_64.whl (738 kB)
2026-10-02T02:48:56.1911850Z    ━━━━━━━━━━━━━━━━━━━━━━━━━━━━━━━━━━━━━━━━ 738.7/738.7 kB 100.6 MB/s  0:00:00
2026-10-02T02:48:56.2033865Z Downloading pyparsing-3.3.3-py3-none-any.whl (126 kB)
2026-10-02T02:48:56.2172712Z Downloading pytest-9.1.1-py3-none-any.whl (386 kB)
2026-10-02T02:48:56.2324051Z Downloading pluggy-1.6.0-py3-none-any.whl (20 kB)
2026-10-02T02:48:56.2459342Z Downloading iniconfig-2.3.0-py3-none-any.whl (7.5 kB)
2026-10-02T02:48:56.2595357Z Downloading pygments-2.21.0-py3-none-any.whl (1.3 MB)
2026-10-02T02:48:56.2692778Z    ━━━━━━━━━━━━━━━━━━━━━━━━━━━━━━━━━━━━━━━━ 1.3/1.3 MB 124.1 MB/s  0:00:00
2026-10-02T02:48:56.2814001Z Downloading pytest_xdist-3.8.0-py3-none-any.whl (46 kB)
2026-10-02T02:48:56.2951602Z Downloading execnet-2.1.2-py3-none-any.whl (40 kB)
2026-10-02T02:48:56.3089777Z Downloading python_dateutil-2.9.0.post0-py2.py3-none-any.whl (229 kB)
2026-10-02T02:48:56.3249007Z Downloading pyvo-1.9.1-py3-none-any.whl (1.2 MB)
2026-10-02T02:48:56.3351123Z    ━━━━━━━━━━━━━━━━━━━━━━━━━━━━━━━━━━━━━━━━ 1.2/1.2 MB 104.3 MB/s  0:00:00
2026-10-02T02:48:56.3472999Z Downloading pyyaml-6.0.3-cp311-cp311-manylinux2014_x86_64.manylinux_2_17_x86_64.manylinux_2_28_x86_64.whl (806 kB)
2026-10-02T02:48:56.3531525Z    ━━━━━━━━━━━━━━━━━━━━━━━━━━━━━━━━━━━━━━━━ 806.6/806.6 kB 125.1 MB/s  0:00:00
2026-10-02T02:48:56.3653475Z Downloading requests-2.34.2-py3-none-any.whl (73 kB)
2026-10-02T02:48:56.3800495Z Downloading charset_normalizer-3.5.2-cp311-cp311-manylinux2014_x86_64.manylinux_2_17_x86_64.manylinux_2_28_x86_64.whl (269 kB)
2026-10-02T02:48:56.4075111Z Downloading idna-3.20-py3-none-any.whl (69 kB)
2026-10-02T02:48:56.4214154Z Downloading urllib3-2.8.0-py3-none-any.whl (135 kB)
2026-10-02T02:48:56.4351242Z Downloading certifi-2026.7.22-py3-none-any.whl (136 kB)
2026-10-02T02:48:56.4494859Z Downloading ruff-0.16.10-py3-none-manylinux_2_17_x86_64.manylinux2014_x86_64.whl (10.4 MB)
2026-10-02T02:48:56.5246362Z    ━━━━━━━━━━━━━━━━━━━━━━━━━━━━━━━━━━━━━━━━ 10.4/10.4 MB 138.1 MB/s  0:00:00
2026-10-02T02:48:56.5371854Z Downloading scipy-1.17.1-cp311-cp311-manylinux_2_27_x86_64.manylinux_2_28_x86_64.whl (35.3 MB)
2026-10-02T02:48:56.8574435Z    ━━━━━━━━━━━━━━━━━━━━━━━━━━━━━━━━━━━━━━━━ 35.3/35.3 MB 110.4 MB/s  0:00:00
2026-10-02T02:48:56.8700596Z Downloading secretstorage-3.5.0-py3-none-any.whl (15 kB)
2026-10-02T02:48:56.8836778Z Downloading cryptography-50.0.2-cp311-abi3-manylinux_2_34_x86_64.whl (4.8 MB)
2026-10-02T02:48:56.9177682Z    ━━━━━━━━━━━━━━━━━━━━━━━━━━━━━━━━━━━━━━━━ 4.8/4.8 MB 139.2 MB/s  0:00:00
2026-10-02T02:48:56.9303016Z Downloading cffi-2.1.1-cp311-cp311-manylinux2014_x86_64.manylinux_2_17_x86_64.whl (217 kB)
2026-10-02T02:48:56.9442632Z Downloading six-1.17.0-py2.py3-none-any.whl (11 kB)
2026-10-02T02:48:56.9579556Z Downloading soupsieve-2.10-py3-none-any.whl (38 kB)
2026-10-02T02:48:56.9724770Z Downloading typing_extensions-4.16.0-py3-none-any.whl (45 kB)
2026-10-02T02:48:56.9866245Z Downloading zipp-4.1.0-py3-none-any.whl (10 kB)
2026-10-02T02:48:57.0009305Z Downloading jaraco.classes-3.4.0-py3-none-any.whl (6.8 kB)
2026-10-02T02:48:57.0244149Z Downloading jaraco_context-6.1.2-py3-none-any.whl (7.9 kB)
2026-10-02T02:48:57.0378843Z Downloading backports.tarfile-1.2.0-py3-none-any.whl (30 kB)
2026-10-02T02:48:57.0580679Z Downloading jaraco_functools-4.6.0-py3-none-any.whl (11 kB)
2026-10-02T02:48:57.0717605Z Downloading more_itertools-11.1.0-py3-none-any.whl (72 kB)
2026-10-02T02:48:57.0965408Z Downloading pycparser-3.0-py3-none-any.whl (48 kB)
2026-10-02T02:48:57.1112761Z Downloading webencodings-0.6.1-py3-none-any.whl (8.7 kB)
2026-10-02T02:48:57.3608790Z Building wheels for collected packages: seti-wd
2026-10-02T02:48:57.3614960Z   Building editable for seti-wd (pyproject.toml): started
2026-10-02T02:48:57.5456263Z   Building editable for seti-wd (pyproject.toml): finished with status 'done'
2026-10-02T02:48:57.5460874Z   Created wheel for seti-wd: filename=seti_wd-0.1.0-0.editable-py3-none-any.whl size=9654 sha256=5bce1be722276bc1fe5eb81520fab4ccc240a46b48a6c81a8d4cba2eb48441b2
2026-10-02T02:48:57.5462492Z   Stored in directory: /tmp/pip-ephem-wheel-cache-e6iydtgd/wheels/2c/4b/14/996965e1573649f221f467c671c7f655a43c7d569030254f06
2026-10-02T02:48:57.5477510Z Successfully built seti-wd
2026-10-02T02:48:57.6508013Z Installing collected packages: zipp, webencodings, urllib3, typing-extensions, soupsieve, six, ruff, pyyaml, pyparsing, pygments, pycparser, pyarrow, pluggy, pillow, packaging, numpy, more-itertools, kiwisolver, jeepney, iniconfig, idna, fonttools, execnet, cycler, charset_normalizer, certifi, backports.tarfile, astropy-iers-data, scipy, requests, python-dateutil, pytest, pyerfa, jaraco.functools, jaraco.context, jaraco.classes, importlib_metadata, html5lib, contourpy, cffi, beautifulsoup4, pytest-xdist, pandas, matplotlib, cryptography, astropy, SecretStorage, pyvo, keyring, astroquery, seti-wd
2026-10-02T02:49:16.3395949Z 
2026-10-02T02:49:16.3417125Z Successfully installed SecretStorage-3.5.0 astropy-8.0.1 astropy-iers-data-0.2026.9.28.0.59.37 astroquery-0.4.11 backports.tarfile-1.2.0 beautifulsoup4-4.15.0 certifi-2026.7.22 cffi-2.1.1 charset_normalizer-3.5.2 contourpy-1.3.3 cryptography-50.0.2 cycler-0.12.1 execnet-2.1.2 fonttools-4.66.1 html5lib-1.1 idna-3.20 importlib_metadata-9.0.1 iniconfig-2.3.0 jaraco.classes-3.4.0 jaraco.context-6.1.2 jaraco.functools-4.6.0 jeepney-0.9.0 keyring-25.7.0 kiwisolver-1.5.1 matplotlib-3.11.2 more-itertools-11.1.0 numpy-2.4.6 packaging-26.3 pandas-3.0.6 pillow-12.3.0 pluggy-1.6.0 pyarrow-25.0.1 pycparser-3.0 pyerfa-2.0.1.5 pygments-2.21.0 pyparsing-3.3.3 pytest-9.1.1 pytest-xdist-3.8.0 python-dateutil-2.9.0.post0 pyvo-1.9.1 pyyaml-6.0.3 requests-2.34.2 ruff-0.16.10 scipy-1.17.1 seti-wd-0.1.0 six-1.17.0 soupsieve-2.10 typing-extensions-4.16.0 urllib3-2.8.0 webencodings-0.6.1 zipp-4.1.0
2026-10-02T02:49:16.7117462Z ##[group]Run python scripts/make_bergeron_asset.py
2026-10-02T02:49:16.7117806Z [36;1mpython scripts/make_bergeron_asset.py[0m
2026-10-02T02:49:16.7118081Z [36;1mpython -m seti.cli make-sample[0m
2026-10-02T02:49:16.7177899Z shell: /usr/bin/bash -e {0}
2026-10-02T02:49:16.7178126Z env:
2026-10-02T02:49:16.7178357Z   pythonLocation: /opt/hostedtoolcache/Python/3.11.16/x64
2026-10-02T02:49:16.7178709Z   PKG_CONFIG_PATH: /opt/hostedtoolcache/Python/3.11.16/x64/lib/pkgconfig
2026-10-02T02:49:16.7179069Z   Python_ROOT_DIR: /opt/hostedtoolcache/Python/3.11.16/x64
2026-10-02T02:49:16.7179373Z   Python2_ROOT_DIR: /opt/hostedtoolcache/Python/3.11.16/x64
2026-10-02T02:49:16.7179675Z   Python3_ROOT_DIR: /opt/hostedtoolcache/Python/3.11.16/x64
2026-10-02T02:49:16.7180143Z   LD_LIBRARY_PATH: /opt/hostedtoolcache/Python/3.11.16/x64/lib
2026-10-02T02:49:16.7180401Z ##[endgroup]
2026-10-02T02:49:17.3372047Z wrote 222 rows -> /home/runner/work/Seti/Seti/src/seti/data_assets/bergeron_synthetic_wise.ecsv
2026-10-02T02:49:18.8143163Z wrote 353 rows -> /home/runner/work/Seti/Seti/data/sample/wd_sample.parquet
2026-10-02T02:49:18.9787664Z ##[group]Run ruff check src tests scripts
2026-10-02T02:49:18.9787951Z [36;1mruff check src tests scripts[0m
2026-10-02T02:49:18.9845284Z shell: /usr/bin/bash -e {0}
2026-10-02T02:49:18.9845525Z env:
2026-10-02T02:49:18.9845764Z   pythonLocation: /opt/hostedtoolcache/Python/3.11.16/x64
2026-10-02T02:49:18.9846123Z   PKG_CONFIG_PATH: /opt/hostedtoolcache/Python/3.11.16/x64/lib/pkgconfig
2026-10-02T02:49:18.9846465Z   Python_ROOT_DIR: /opt/hostedtoolcache/Python/3.11.16/x64
2026-10-02T02:49:18.9846796Z   Python2_ROOT_DIR: /opt/hostedtoolcache/Python/3.11.16/x64
2026-10-02T02:49:18.9847133Z   Python3_ROOT_DIR: /opt/hostedtoolcache/Python/3.11.16/x64
2026-10-02T02:49:18.9847430Z   LD_LIBRARY_PATH: /opt/hostedtoolcache/Python/3.11.16/x64/lib
2026-10-02T02:49:18.9847687Z ##[endgroup]
2026-10-02T02:49:19.1719789Z I001 [*] Import block is un-sorted or un-formatted
2026-10-02T02:49:19.1720603Z    --> tests/test_parallax4.py:681:5
2026-10-02T02:49:19.1728592Z     |
2026-10-02T02:49:19.1729120Z 680 |   def test_deepvet_fates():
2026-10-02T02:49:19.1729532Z 681 | /     from seti.parallax4 import deepvet as DV
2026-10-02T02:49:19.1730008Z 682 | |
2026-10-02T02:49:19.1730334Z 683 | |     from seti.parallax4 import vsx_association as VA
2026-10-02T02:49:19.1730745Z     | |____________________________________________________^
2026-10-02T02:49:19.1731087Z 684 |
2026-10-02T02:49:19.1731314Z 685 |       def associated(vsx_type):
2026-10-02T02:49:19.1731615Z     |
2026-10-02T02:49:19.1731851Z help: Organize imports
2026-10-02T02:49:19.1732099Z     |
2026-10-02T02:49:19.1732529Z 681 |     from seti.parallax4 import deepvet as DV
2026-10-02T02:49:19.1732890Z     -
2026-10-02T02:49:19.1733168Z 682 |     from seti.parallax4 import vsx_association as VA
2026-10-02T02:49:19.1733537Z     |
2026-10-02T02:49:19.1733662Z 
2026-10-02T02:49:19.1733759Z Found 1 error.
2026-10-02T02:49:19.1734031Z [*] 1 fixable with the `--fix` option.
2026-10-02T02:49:19.1744182Z ##[error]Process completed with exit code 1.
2026-10-02T02:49:19.1866789Z Post job cleanup.
2026-10-02T02:49:19.2550578Z [command]/usr/bin/git version
2026-10-02T02:49:19.2586143Z git version 2.55.0
2026-10-02T02:49:19.2619138Z Temporarily overriding HOME='/home/runner/work/_temp/d769dd7f-5b5c-4495-b626-852b488bbf8c' before making global git config changes
2026-10-02T02:49:19.2620257Z Adding repository directory to the temporary git global config as a safe directory
2026-10-02T02:49:19.2623944Z [command]/usr/bin/git config --global --add safe.directory /home/runner/work/Seti/Seti
2026-10-02T02:49:19.2658596Z [command]/usr/bin/git config --local --name-only --get-regexp core\.sshCommand
2026-10-02T02:49:19.2688653Z [command]/usr/bin/git submodule foreach --recursive sh -c "git config --local --name-only --get-regexp 'core\.sshCommand' && git config --local --unset-all 'core.sshCommand' || :"
2026-10-02T02:49:19.2913802Z [command]/usr/bin/git config --local --name-only --get-regexp http\.https\:\/\/github\.com\/\.extraheader
2026-10-02T02:49:19.2950449Z http.https://github.com/.extraheader
2026-10-02T02:49:19.2959724Z [command]/usr/bin/git config --local --unset-all http.https://github.com/.extraheader
2026-10-02T02:49:19.2992097Z [command]/usr/bin/git submodule foreach --recursive sh -c "git config --local --name-only --get-regexp 'http\.https\:\/\/github\.com\/\.extraheader' && git config --local --unset-all 'http.https://github.com/.extraheader' || :"
2026-10-02T02:49:19.3226739Z [command]/usr/bin/git config --local --name-only --get-regexp ^includeIf\.gitdir:
2026-10-02T02:49:19.3262303Z [command]/usr/bin/git submodule foreach --recursive git config --local --show-origin --name-only --get-regexp remote.origin.url
2026-10-02T02:49:19.3626910Z Cleaning up orphan processes
2026-10-02T02:49:19.3865543Z ##[warning]Node.js 20 is deprecated. The following actions target Node.js 20 but are being forced to run on Node.js 24: actions/checkout@v4, actions/setup-python@v5. For more information see: https://github.blog/changelog/2025-09-19-deprecation-of-node-20-on-github-actions-runners/
